\BOOKMARK [0][-]{Doc-Start}{\376\377\000B\036\244\000T\000\040\000P\000H\001\257\001\240\000N\000G\000\040\000T\000R\000\314\000N\000H\000\040\000V\000\300\000\040\000H\036\306\000\040\000B\036\244\000T\000\040\000P\000H\001\257\001\240\000N\000G\000\040\000T\000R\000\314\000N\000H\000\040\000B\036\254\000C\000\040\000N\000H\036\244\000T\000\040\000H\000A\000I\000\040\036\250\000N}{}% 1
\BOOKMARK [1][-]{section.0.3}{\376\377\000B\036\245\000t\000\040\000p\000h\001\260\001\241\000n\000g\000\040\000t\000r\000\354\000n\000h\000\040\000b\036\255\000c\000\040\000n\000h\036\245\000t\000\040\000h\000a\000i\000\040\036\251\000n}{Doc-Start}% 2
\BOOKMARK [2][-]{subsection.0.3.1}{\376\377\000K\000I\036\276\000N\000\040\000T\000H\036\350\000C\000\040\000T\000R\036\314\000N\000G\000\040\000T\000\302\000M}{section.0.3}% 3
\BOOKMARK [2][-]{subsection.0.3.2}{\376\377\000P\000H\000\302\000N\000\040\000L\000O\036\240\000I\000\040\000V\000\300\000\040\000P\000H\001\257\001\240\000N\000G\000\040\000P\000H\000\301\000P\000\040\000G\000I\036\242\000I\000\040\000T\000O\000\301\000N}{section.0.3}% 4
\BOOKMARK [2][-]{subsection.0.3.2}{\376\377\0001\0002\0005\000\040\000D\036\241\000n\000g\000\040\0001\000.\000\040\000K\000i\036\303\000m\000\040\000t\000r\000a\000\040\000n\000g\000h\000i\036\307\000m\000\040\000c\036\347\000a\000\040\000b\036\245\000t\000\040\000p\000h\001\260\001\241\000n\000g\000\040\000t\000r\000\354\000n\000h\000\040\000b\036\255\000c\000\040\000n\000h\036\245\000t\000\040\000h\000a\000i\000\040\036\251\000n}{section.0.3}% 5
\BOOKMARK [2][-]{vd.2}{\376\377\0001\0002\0005\000\040\000D\036\241\000n\000g\000\040\0002\000.\000\040\000B\000i\036\303\000u\000\040\000d\000i\036\305\000n\000\040\000m\000i\036\301\000n\000\040\000n\000g\000h\000i\036\307\000m\000\040\000c\036\347\000a\000\040\000m\036\331\000t\000\040\000b\036\245\000t\000\040\000p\000h\001\260\001\241\000n\000g\000\040\000t\000r\000\354\000n\000h\000\040\000b\036\255\000c\000\040\000n\000h\036\245\000t\000\040\000h\000a\000i\000\040\036\251\000n}{section.0.3}% 6
\BOOKMARK [2][-]{vd.4}{\376\377\0001\0002\0005\000\040\000D\036\241\000n\000g\000\040\0003\000.\000\040\000X\000\341\000c\000\040\001\021\036\313\000n\000h\000\040\000b\036\245\000t\000\040\000p\000h\001\260\001\241\000n\000g\000\040\000t\000r\000\354\000n\000h\000\040\000b\036\255\000c\000\040\000n\000h\036\245\000t\000\040\000h\000a\000i\000\040\036\251\000n\000\040\000t\001\260\001\241\000n\000g\000\040\036\351\000n\000g\000\040\000m\000i\036\301\000n\000\040\000n\000g\000h\000i\036\307\000m}{section.0.3}% 7
\BOOKMARK [2][-]{vd.3}{\376\377\0001\0002\0005\000\040\000D\036\241\000n\000g\000\040\0004\000.\000\040\000T\000o\000\341\000n\000\040\000t\000h\036\361\000c\000\040\000t\036\277}{section.0.3}% 8
\BOOKMARK [2][-]{subsection.0.3.3}{\376\377\000B\000\300\000I\000\040\000T\036\254\000P\000\040\000R\000\310\000N\000\040\000L\000U\000Y\036\306\000N}{section.0.3}% 9
\BOOKMARK [1][-]{section.0.4}{\376\377\000H\036\307\000\040\000b\036\245\000t\000\040\000p\000h\001\260\001\241\000n\000g\000\040\000t\000r\000\354\000n\000h\000\040\000b\036\255\000c\000\040\000n\000h\036\245\000t\000\040\000h\000a\000i\000\040\036\251\000n}{Doc-Start}% 10
\BOOKMARK [2][-]{subsection.0.4.1}{\376\377\000K\000I\036\276\000N\000\040\000T\000H\036\350\000C\000\040\000T\000R\036\314\000N\000G\000\040\000T\000\302\000M}{section.0.4}% 11
\BOOKMARK [2][-]{subsection.0.4.2}{\376\377\000P\000H\000\302\000N\000\040\000L\000O\036\240\000I\000\040\000V\000\300\000\040\000P\000H\001\257\001\240\000N\000G\000\040\000P\000H\000\301\000P\000\040\000G\000I\036\242\000I\000\040\000T\000O\000\301\000N}{section.0.4}% 12
\BOOKMARK [2][-]{subsection.0.4.2}{\376\377\0001\0002\0005\000\040\000D\036\241\000n\000g\000\040\0001\000.\000\040\000K\000h\000\341\000i\000\040\000n\000i\036\307\000m\000\040\000h\036\307\000\040\000b\036\245\000t\000\040\000p\000h\001\260\001\241\000n\000g\000\040\000t\000r\000\354\000n\000h\000\040\000b\036\255\000c\000\040\000n\000h\036\245\000t\000\040\000h\000a\000i\000\040\036\251\000n}{section.0.4}% 13
\BOOKMARK [2][-]{vd.3}{\376\377\0001\0002\0005\000\040\000D\036\241\000n\000g\000\040\0002\000.\000\040\000M\000i\036\301\000n\000\040\000n\000g\000h\000i\036\307\000m\000\040\000c\036\347\000a\000\040\000h\036\307\000\040\000b\036\245\000t\000\040\000p\000h\001\260\001\241\000n\000g\000\040\000t\000r\000\354\000n\000h\000\040\000b\036\255\000c\000\040\000n\000h\036\245\000t\000\040\000h\000a\000i\000\040\036\251\000n}{section.0.4}% 14
\BOOKMARK [2][-]{vd.3}{\376\377\0001\0002\0005\000\040\000D\036\241\000n\000g\000\040\0003\000.\000\040\036\350\000n\000g\000\040\000d\036\345\000n\000g\000\040\000h\036\307\000\040\000b\036\245\000t\000\040\000p\000h\001\260\001\241\000n\000g\000\040\000t\000r\000\354\000n\000h\000\040\000b\036\255\000c\000\040\000n\000h\036\245\000t\000\040\000h\000a\000i\000\040\036\251\000n\000\040\000g\000i\036\243\000i\000\040\000b\000\340\000i\000\040\000t\000o\000\341\000n\000\040\000t\036\321\000i\000\040\001\260\000u}{section.0.4}% 15
\BOOKMARK [2][-]{subsection.0.4.3}{\376\377\000B\000\300\000I\000\040\000T\036\254\000P\000\040\000R\000\310\000N\000\040\000L\000U\000Y\036\306\000N}{section.0.4}% 16
\BOOKMARK [0][-]{ex.6}{\376\377\000H\036\306\000\040\000T\000H\036\350\000C\000\040\000L\001\257\036\342\000N\000G\000\040\000T\000R\000O\000N\000G\000\040\000T\000A\000M\000\040\000G\000I\000\301\000C}{}% 17
\BOOKMARK [1][-]{section.0.5}{\376\377\000G\000i\000\341\000\040\000t\000r\036\313\000\040\000l\001\260\036\343\000n\000g\000\040\000g\000i\000\341\000c\000\040\000c\036\347\000a\000\040\000m\036\331\000t\000\040\000g\000\363\000c\000\040\000t\036\353\000\040\0000\000\040\001\021\036\277\000n\000\040\0001\0008\0000\000\040}{ex.6}% 18
\BOOKMARK [2][-]{subsection.0.5.1}{\376\377\000K\000I\036\276\000N\000\040\000T\000H\036\350\000C\000\040\000T\000R\036\314\000N\000G\000\040\000T\000\302\000M}{section.0.5}% 19
\BOOKMARK [2][-]{subsection.0.5.2}{\376\377\000P\000H\000\302\000N\000\040\000L\000O\036\240\000I\000\040\000V\000\300\000\040\000P\000H\001\257\001\240\000N\000G\000\040\000P\000H\000\301\000P\000\040\000G\000I\036\242\000I\000\040\000T\000O\000\301\000N}{section.0.5}% 20
\BOOKMARK [2][-]{subsection.0.5.2}{\376\377\0001\0002\0005\000\040\000D\036\241\000n\000g\000\040\0001\000.\000\040\000T\000\355\000n\000h\000\040\000c\000\341\000c\000\040\000g\000i\000\341\000\040\000t\000r\036\313\000\040\000l\001\260\036\343\000n\000g\000\040\000g\000i\000\341\000c}{section.0.5}% 21
\BOOKMARK [2][-]{vd.7}{\376\377\0001\0002\0005\000\040\000D\036\241\000n\000g\000\040\0002\000.\000\040\000T\000\355\000n\000h\000\040\000g\000i\000\341\000\040\000t\000r\036\313\000\040\000c\000\341\000c\000\040\000b\000i\036\303\000u\000\040\000t\000h\036\351\000c\000\040\000l\001\260\036\343\000n\000g\000\040\000g\000i\000\341\000c}{section.0.5}% 22
\BOOKMARK [2][-]{vd.7}{\376\377\0001\0002\0005\000\040\000D\036\241\000n\000g\000\040\0003\000.\000\040\000C\000h\036\351\000n\000g\000\040\000m\000i\000n\000h\000\040\001\021\036\263\000n\000g\000\040\000t\000h\036\351\000c\000\040\000l\001\260\036\343\000n\000g\000\040\000g\000i\000\341\000c}{section.0.5}% 23
\BOOKMARK [2][-]{subsection.0.5.3}{\376\377\000B\000\300\000I\000\040\000T\036\254\000P\000\040\000R\000\310\000N\000\040\000L\000U\000Y\036\306\000N}{section.0.5}% 24
\BOOKMARK [1][-]{section.0.6}{\376\377\000H\036\307\000\040\000t\000h\036\351\000c\000\040\000l\001\260\036\343\000n\000g\000\040\000t\000r\000o\000n\000g\000\040\000t\000a\000m\000\040\000g\000i\000\341\000c}{ex.6}% 25
\BOOKMARK [2][-]{subsection.0.6.1}{\376\377\000K\000I\036\276\000N\000\040\000T\000H\036\350\000C\000\040\000T\000R\036\314\000N\000G\000\040\000T\000\302\000M}{section.0.6}% 26
\BOOKMARK [2][-]{subsection.0.6.2}{\376\377\000P\000H\000\302\000N\000\040\000L\000O\036\240\000I\000\040\000V\000\300\000\040\000P\000H\001\257\001\240\000N\000G\000\040\000P\000H\000\301\000P\000\040\000G\000I\036\242\000I\000\040\000T\000O\000\301\000N}{section.0.6}% 27
\BOOKMARK [2][-]{subsection.0.6.2}{\376\377\0001\0002\0005\000\040\000D\036\241\000n\000g\000\040\0001\000.\000\040\001\020\036\313\000n\000h\000\040\000l\000\355\000\040\000c\000\364\000s\000i\000n}{section.0.6}% 28
\BOOKMARK [2][-]{vd.4}{\376\377\0001\0002\0005\000\040\000D\036\241\000n\000g\000\040\0002\000.\000\040\001\020\036\313\000n\000h\000\040\000l\000\355\000\040\000s\000i\000n}{section.0.6}% 29
\BOOKMARK [2][-]{table.0.12}{\376\377\0001\0002\0005\000\040\000D\036\241\000n\000g\000\040\0003\000.\000\040\000C\000\341\000c\000\040\000c\000\364\000n\000g\000\040\000t\000h\036\351\000c\000\040\000t\000\355\000n\000h\000\040\000d\000i\036\307\000n\000\040\000t\000\355\000c\000h\000\040\000t\000a\000m\000\040\000g\000i\000\341\000c}{section.0.6}% 30
\BOOKMARK [2][-]{vd.4}{\376\377\0001\0002\0005\000\040\000D\036\241\000n\000g\000\040\0004\000.\000\040\000G\000i\036\243\000i\000\040\000t\000a\000m\000\040\000g\000i\000\341\000c}{section.0.6}% 31
\BOOKMARK [2][-]{vd.3}{\376\377\0001\0002\0005\000\040\000D\036\241\000n\000g\000\040\0005\000.\000\040\036\350\000n\000g\000\040\000d\036\345\000n\000g\000\040\000t\000h\036\361\000c\000\040\000t\036\277}{section.0.6}% 32
\BOOKMARK [2][-]{subsection.0.6.3}{\376\377\000B\000\300\000I\000\040\000T\036\254\000P\000\040\000R\000\310\000N\000\040\000L\000U\000Y\036\306\000N}{section.0.6}% 33
