This is pdfTeX, Version 3.141592653-2.6-1.40.24 (MiKTeX 22.1) (preloaded format=pdflatex 2023.2.10)  19 MAY 2023 09:40
entering extended mode
 \write18 enabled.
 %&-line parsing enabled.
**./DAI-SO-CHUONG-III-CHUYEN-DE-1.tex
(DAI-SO-CHUONG-III-CHUYEN-DE-1.tex
LaTeX2e <2022-11-01> patch level 1
L3 programming layer <2022-12-17>

! LaTeX Error: Environment name undefined.

See the LaTeX manual or LaTeX Companion for explanation.
Type  H <return>  for immediate help.
 ...                                              
                                                  
l.1 \begin{name}
                
Your command was ignored.
Type  I <command> <return>  to replace it with another command,
or  <return>  to continue without it.


! LaTeX Error: Missing \begin{document}.

See the LaTeX manual or LaTeX Companion for explanation.
Type  H <return>  for immediate help.
 ...                                              
                                                  
l.2 ^^I{G
         V: QUANG T^^c3^^88O}
You're in trouble here.  Try typing  <return>  to proceed.
If that doesn't work, type  X <return>  to quit.

Missing character: There is no G in font nullfont!
Missing character: There is no V in font nullfont!
Missing character: There is no : in font nullfont!
Missing character: There is no Q in font nullfont!
Missing character: There is no U in font nullfont!
Missing character: There is no A in font nullfont!
Missing character: There is no N in font nullfont!
Missing character: There is no G in font nullfont!
Missing character: There is no T in font nullfont!
LaTeX Font Info:    Trying to load font information for +cmr on input line 2.
LaTeX Font Info:    No file cmr.fd. on input line 2.

LaTeX Font Warning: Font shape `/cmr/m/n' undefined
(Font)              using `/cmr/m/n' instead on input line 2.

! Corrupted NFSS tables.
wrong@fontshape ...message {Corrupted NFSS tables}
                                                  error@fontshape else let f...
l.2 ^^I{GV: QUANG T^^c3^^88
                           O}
This error message was generated by an \errmessage
command, so I can't give any explicit help.
Pretend that you're Hercule Poirot: Examine all clues,
and deduce the truth by order and method.


LaTeX Font Warning: Font shape `/cmr/m/n' undefined
(Font)              using `OT1/cmr/m/n' instead on input line 2.

Missing character: There is no O in font nullfont!

! LaTeX Error: Command \DJ unavailable in encoding .

See the LaTeX manual or LaTeX Companion for explanation.
Type  H <return>  for immediate help.
 ...                                              
                                                  
l.3 ^^I{^^c4^^90
                ^^e1^^ba^^a0I S^^e1^^bb^^90 CH^^c6^^af^^c6^^a0NG III\break C...

Your command was ignored.
Type  I <command> <return>  to replace it with another command,
or  <return>  to continue without it.


! LaTeX Error: Unicode character ^^e1^^ba^^a0 (U+1EA0)
               not set up for use with LaTeX.

See the LaTeX manual or LaTeX Companion for explanation.
Type  H <return>  for immediate help.
 ...                                              
                                                  
l.3 ^^I{^^c4^^90^^e1^^ba^^a0
                            I S^^e1^^bb^^90 CH^^c6^^af^^c6^^a0NG III\break C...

You may provide a definition with
\DeclareUnicodeCharacter 

Missing character: There is no I in font nullfont!
Missing character: There is no S in font nullfont!

! LaTeX Error: Unicode character ^^e1^^bb^^90 (U+1ED0)
               not set up for use with LaTeX.

See the LaTeX manual or LaTeX Companion for explanation.
Type  H <return>  for immediate help.
 ...                                              
                                                  
l.3 ^^I{^^c4^^90^^e1^^ba^^a0I S^^e1^^bb^^90
                                            CH^^c6^^af^^c6^^a0NG III\break C...

You may provide a definition with
\DeclareUnicodeCharacter 

Missing character: There is no C in font nullfont!
Missing character: There is no H in font nullfont!

! LaTeX Error: Unicode character ^^c6^^af (U+01AF)
               not set up for use with LaTeX.

See the LaTeX manual or LaTeX Companion for explanation.
Type  H <return>  for immediate help.
 ...                                              
                                                  
l.3 ...4^^90^^e1^^ba^^a0I S^^e1^^bb^^90 CH^^c6^^af
                                                  ^^c6^^a0NG III\break CHUY^...

You may provide a definition with
\DeclareUnicodeCharacter 


! LaTeX Error: Unicode character ^^c6^^a0 (U+01A0)
               not set up for use with LaTeX.

See the LaTeX manual or LaTeX Companion for explanation.
Type  H <return>  for immediate help.
 ...                                              
                                                  
l.3 ...1^^ba^^a0I S^^e1^^bb^^90 CH^^c6^^af^^c6^^a0
                                                  NG III\break CHUY^^c3^^8aN...

You may provide a definition with
\DeclareUnicodeCharacter 

Missing character: There is no N in font nullfont!
Missing character: There is no G in font nullfont!
Missing character: There is no I in font nullfont!
Missing character: There is no I in font nullfont!
Missing character: There is no I in font nullfont!
Missing character: There is no C in font nullfont!
Missing character: There is no H in font nullfont!
Missing character: There is no U in font nullfont!
Missing character: There is no Y in font nullfont!
Missing character: There is no N in font nullfont!

! LaTeX Error: Command \DJ unavailable in encoding .

See the LaTeX manual or LaTeX Companion for explanation.
Type  H <return>  for immediate help.
 ...                                              
                                                  
l.3 ...^^c6^^a0NG III\break CHUY^^c3^^8aN ^^c4^^90
                                                  ^^e1^^bb^^80 1}
Your command was ignored.
Type  I <command> <return>  to replace it with another command,
or  <return>  to continue without it.


! LaTeX Error: Unicode character ^^e1^^bb^^80 (U+1EC0)
               not set up for use with LaTeX.

See the LaTeX manual or LaTeX Companion for explanation.
Type  H <return>  for immediate help.
 ...                                              
                                                  
l.3 ...II\break CHUY^^c3^^8aN ^^c4^^90^^e1^^bb^^80
                                                   1}
You may provide a definition with
\DeclareUnicodeCharacter 

Missing character: There is no 1 in font nullfont!

! LaTeX Error: \begin{document} ended by \end{name}.

See the LaTeX manual or LaTeX Companion for explanation.
Type  H <return>  for immediate help.
 ...                                              
                                                  
l.4 \end{name}
              
Your command was ignored.
Type  I <command> <return>  to replace it with another command,
or  <return>  to continue without it.


Overfull \hbox (20.0pt too wide) in paragraph at lines 2--5
[]
 []


Overfull \hbox (11.80559pt too wide) in paragraph at lines 2--5
\/cmr/m/n/10 ^^RE
 []


Overfull \hbox (6.80557pt too wide) in paragraph at lines 2--5
[]\/cmr/m/n/10 E
 []


! LaTeX Error: Environment nameh undefined.

See the LaTeX manual or LaTeX Companion for explanation.
Type  H <return>  for immediate help.
 ...                                              
                                                  
l.6 \begin{nameh}
                 
Your command was ignored.
Type  I <command> <return>  to replace it with another command,
or  <return>  to continue without it.


! LaTeX Error: Missing \begin{document}.

See the LaTeX manual or LaTeX Companion for explanation.
Type  H <return>  for immediate help.
 ...                                              
                                                  
l.7 ^^I{G
         V: QUANG T^^c3^^88O}
You're in trouble here.  Try typing  <return>  to proceed.
If that doesn't work, type  X <return>  to quit.

Missing character: There is no G in font nullfont!
Missing character: There is no V in font nullfont!
Missing character: There is no : in font nullfont!
Missing character: There is no Q in font nullfont!
Missing character: There is no U in font nullfont!
Missing character: There is no A in font nullfont!
Missing character: There is no N in font nullfont!
Missing character: There is no G in font nullfont!
Missing character: There is no T in font nullfont!
Missing character: There is no O in font nullfont!

! LaTeX Error: Command \DJ unavailable in encoding .

See the LaTeX manual or LaTeX Companion for explanation.
Type  H <return>  for immediate help.
 ...                                              
                                                  
l.8 ^^I{^^c4^^90
                ^^e1^^ba^^a0I S^^e1^^bb^^90 CH^^c6^^af^^c6^^a0NG III\break C...

Your command was ignored.
Type  I <command> <return>  to replace it with another command,
or  <return>  to continue without it.


! LaTeX Error: Unicode character ^^e1^^ba^^a0 (U+1EA0)
               not set up for use with LaTeX.

See the LaTeX manual or LaTeX Companion for explanation.
Type  H <return>  for immediate help.
 ...                                              
                                                  
l.8 ^^I{^^c4^^90^^e1^^ba^^a0
                            I S^^e1^^bb^^90 CH^^c6^^af^^c6^^a0NG III\break C...

You may provide a definition with
\DeclareUnicodeCharacter 

Missing character: There is no I in font nullfont!
Missing character: There is no S in font nullfont!

! LaTeX Error: Unicode character ^^e1^^bb^^90 (U+1ED0)
               not set up for use with LaTeX.

See the LaTeX manual or LaTeX Companion for explanation.
Type  H <return>  for immediate help.
 ...                                              
                                                  
l.8 ^^I{^^c4^^90^^e1^^ba^^a0I S^^e1^^bb^^90
                                            CH^^c6^^af^^c6^^a0NG III\break C...

You may provide a definition with
\DeclareUnicodeCharacter 

Missing character: There is no C in font nullfont!
Missing character: There is no H in font nullfont!

! LaTeX Error: Unicode character ^^c6^^af (U+01AF)
               not set up for use with LaTeX.

See the LaTeX manual or LaTeX Companion for explanation.
Type  H <return>  for immediate help.
 ...                                              
                                                  
l.8 ...4^^90^^e1^^ba^^a0I S^^e1^^bb^^90 CH^^c6^^af
                                                  ^^c6^^a0NG III\break CHUY^...

You may provide a definition with
\DeclareUnicodeCharacter 


! LaTeX Error: Unicode character ^^c6^^a0 (U+01A0)
               not set up for use with LaTeX.

See the LaTeX manual or LaTeX Companion for explanation.
Type  H <return>  for immediate help.
 ...                                              
                                                  
l.8 ...1^^ba^^a0I S^^e1^^bb^^90 CH^^c6^^af^^c6^^a0
                                                  NG III\break CHUY^^c3^^8aN...

You may provide a definition with
\DeclareUnicodeCharacter 

Missing character: There is no N in font nullfont!
Missing character: There is no G in font nullfont!
Missing character: There is no I in font nullfont!
Missing character: There is no I in font nullfont!
Missing character: There is no I in font nullfont!
Missing character: There is no C in font nullfont!
Missing character: There is no H in font nullfont!
Missing character: There is no U in font nullfont!
Missing character: There is no Y in font nullfont!
Missing character: There is no N in font nullfont!

! LaTeX Error: Command \DJ unavailable in encoding .

See the LaTeX manual or LaTeX Companion for explanation.
Type  H <return>  for immediate help.
 ...                                              
                                                  
l.8 ...^^c6^^a0NG III\break CHUY^^c3^^8aN ^^c4^^90
                                                  ^^e1^^bb^^80 1}
Your command was ignored.
Type  I <command> <return>  to replace it with another command,
or  <return>  to continue without it.


! LaTeX Error: Unicode character ^^e1^^bb^^80 (U+1EC0)
               not set up for use with LaTeX.

See the LaTeX manual or LaTeX Companion for explanation.
Type  H <return>  for immediate help.
 ...                                              
                                                  
l.8 ...II\break CHUY^^c3^^8aN ^^c4^^90^^e1^^bb^^80
                                                   1}
You may provide a definition with
\DeclareUnicodeCharacter 

Missing character: There is no 1 in font nullfont!

! LaTeX Error: \begin{document} ended by \end{nameh}.

See the LaTeX manual or LaTeX Companion for explanation.
Type  H <return>  for immediate help.
 ...                                              
                                                  
l.9 \end{nameh}
               
Your command was ignored.
Type  I <command> <return>  to replace it with another command,
or  <return>  to continue without it.


Overfull \hbox (20.0pt too wide) in paragraph at lines 7--10
[]
 []


Overfull \hbox (6.80557pt too wide) in paragraph at lines 7--10
[]\/cmr/m/n/10 E
 []


Overfull \hbox (6.80557pt too wide) in paragraph at lines 7--10
[]\/cmr/m/n/10 E
 []


! LaTeX Error: Environment nameb undefined.

See the LaTeX manual or LaTeX Companion for explanation.
Type  H <return>  for immediate help.
 ...                                              
                                                  
l.11 \begin{nameb}
                  
Your command was ignored.
Type  I <command> <return>  to replace it with another command,
or  <return>  to continue without it.


! LaTeX Error: Missing \begin{document}.

See the LaTeX manual or LaTeX Companion for explanation.
Type  H <return>  for immediate help.
 ...                                              
                                                  
l.12 ^^I{G
          V: QUANG T^^c3^^88O}
You're in trouble here.  Try typing  <return>  to proceed.
If that doesn't work, type  X <return>  to quit.

Missing character: There is no G in font nullfont!
Missing character: There is no V in font nullfont!
Missing character: There is no : in font nullfont!
Missing character: There is no Q in font nullfont!
Missing character: There is no U in font nullfont!
Missing character: There is no A in font nullfont!
Missing character: There is no N in font nullfont!
Missing character: There is no G in font nullfont!
Missing character: There is no T in font nullfont!
Missing character: There is no O in font nullfont!

! LaTeX Error: Command \DJ unavailable in encoding .

See the LaTeX manual or LaTeX Companion for explanation.
Type  H <return>  for immediate help.
 ...                                              
                                                  
l.13 ^^I{^^c4^^90
                 ^^e1^^ba^^a0I S^^e1^^bb^^90 CH^^c6^^af^^c6^^a0NG III\break ...

Your command was ignored.
Type  I <command> <return>  to replace it with another command,
or  <return>  to continue without it.


! LaTeX Error: Unicode character ^^e1^^ba^^a0 (U+1EA0)
               not set up for use with LaTeX.

See the LaTeX manual or LaTeX Companion for explanation.
Type  H <return>  for immediate help.
 ...                                              
                                                  
l.13 ^^I{^^c4^^90^^e1^^ba^^a0
                             I S^^e1^^bb^^90 CH^^c6^^af^^c6^^a0NG III\break ...

You may provide a definition with
\DeclareUnicodeCharacter 

Missing character: There is no I in font nullfont!
Missing character: There is no S in font nullfont!

! LaTeX Error: Unicode character ^^e1^^bb^^90 (U+1ED0)
               not set up for use with LaTeX.

See the LaTeX manual or LaTeX Companion for explanation.
Type  H <return>  for immediate help.
 ...                                              
                                                  
l.13 ^^I{^^c4^^90^^e1^^ba^^a0I S^^e1^^bb^^90
                                             CH^^c6^^af^^c6^^a0NG III\break ...

You may provide a definition with
\DeclareUnicodeCharacter 

Missing character: There is no C in font nullfont!
Missing character: There is no H in font nullfont!

! LaTeX Error: Unicode character ^^c6^^af (U+01AF)
               not set up for use with LaTeX.

See the LaTeX manual or LaTeX Companion for explanation.
Type  H <return>  for immediate help.
 ...                                              
                                                  
l.13 ...^^90^^e1^^ba^^a0I S^^e1^^bb^^90 CH^^c6^^af
                                                  ^^c6^^a0NG III\break CHUY^...

You may provide a definition with
\DeclareUnicodeCharacter 


! LaTeX Error: Unicode character ^^c6^^a0 (U+01A0)
               not set up for use with LaTeX.

See the LaTeX manual or LaTeX Companion for explanation.
Type  H <return>  for immediate help.
 ...                                              
                                                  
l.13 ...^^ba^^a0I S^^e1^^bb^^90 CH^^c6^^af^^c6^^a0
                                                  NG III\break CHUY^^c3^^8aN...

You may provide a definition with
\DeclareUnicodeCharacter 

Missing character: There is no N in font nullfont!
Missing character: There is no G in font nullfont!
Missing character: There is no I in font nullfont!
Missing character: There is no I in font nullfont!
Missing character: There is no I in font nullfont!
Missing character: There is no C in font nullfont!
Missing character: There is no H in font nullfont!
Missing character: There is no U in font nullfont!
Missing character: There is no Y in font nullfont!
Missing character: There is no N in font nullfont!

! LaTeX Error: Command \DJ unavailable in encoding .

See the LaTeX manual or LaTeX Companion for explanation.
Type  H <return>  for immediate help.
 ...                                              
                                                  
l.13 ...^c6^^a0NG III\break CHUY^^c3^^8aN ^^c4^^90
                                                  ^^e1^^bb^^80 1}
Your command was ignored.
Type  I <command> <return>  to replace it with another command,
or  <return>  to continue without it.


! LaTeX Error: Unicode character ^^e1^^bb^^80 (U+1EC0)
               not set up for use with LaTeX.

See the LaTeX manual or LaTeX Companion for explanation.
Type  H <return>  for immediate help.
 ...                                              
                                                  
l.13 ...I\break CHUY^^c3^^8aN ^^c4^^90^^e1^^bb^^80
                                                   1}
You may provide a definition with
\DeclareUnicodeCharacter 

Missing character: There is no 1 in font nullfont!

! LaTeX Error: \begin{document} ended by \end{nameb}.

See the LaTeX manual or LaTeX Companion for explanation.
Type  H <return>  for immediate help.
 ...                                              
                                                  
l.14 \end{nameb}
                
Your command was ignored.
Type  I <command> <return>  to replace it with another command,
or  <return>  to continue without it.


Overfull \hbox (20.0pt too wide) in paragraph at lines 12--15
[]
 []


Overfull \hbox (6.80557pt too wide) in paragraph at lines 12--15
[]\/cmr/m/n/10 E
 []


Overfull \hbox (6.80557pt too wide) in paragraph at lines 12--15
[]\/cmr/m/n/10 E
 []

! Undefined control sequence.
l.16 \section
             {T^^c3^^93M T^^e1^^ba^^aeT L^^c3^^8d THUY^^e1^^ba^^beT}
The control sequence at the end of the top line
of your error message was never \def'ed. If you have
misspelled it (e.g., `\hobx'), type `I' and the correct
spelling (e.g., `I\hbox'). Otherwise just continue,
and I'll forget about whatever was undefined.


! LaTeX Error: Missing \begin{document}.

See the LaTeX manual or LaTeX Companion for explanation.
Type  H <return>  for immediate help.
 ...                                              
                                                  
l.16 \section{T
               ^^c3^^93M T^^e1^^ba^^aeT L^^c3^^8d THUY^^e1^^ba^^beT}
You're in trouble here.  Try typing  <return>  to proceed.
If that doesn't work, type  X <return>  to quit.

Missing character: There is no T in font nullfont!
Missing character: There is no M in font nullfont!
Missing character: There is no T in font nullfont!

! LaTeX Error: Unicode character ^^e1^^ba^^ae (U+1EAE)
               not set up for use with LaTeX.

See the LaTeX manual or LaTeX Companion for explanation.
Type  H <return>  for immediate help.
 ...                                              
                                                  
l.16 \section{T^^c3^^93M T^^e1^^ba^^ae
                                      T L^^c3^^8d THUY^^e1^^ba^^beT}
You may provide a definition with
\DeclareUnicodeCharacter 

Missing character: There is no T in font nullfont!
Missing character: There is no L in font nullfont!
Missing character: There is no T in font nullfont!
Missing character: There is no H in font nullfont!
Missing character: There is no U in font nullfont!
Missing character: There is no Y in font nullfont!

! LaTeX Error: Unicode character ^^e1^^ba^^be (U+1EBE)
               not set up for use with LaTeX.

See the LaTeX manual or LaTeX Companion for explanation.
Type  H <return>  for immediate help.
 ...                                              
                                                  
l.16 ... T^^e1^^ba^^aeT L^^c3^^8d THUY^^e1^^ba^^be
                                                  T}
You may provide a definition with
\DeclareUnicodeCharacter 

Missing character: There is no T in font nullfont!

! LaTeX Error: No counter 'ex' defined.

See the LaTeX manual or LaTeX Companion for explanation.
Type  H <return>  for immediate help.
 ...                                              
                                                  
l.17 \setcounter{ex}{0}
                       \setcounter{bt}{0}
Your command was ignored.
Type  I <command> <return>  to replace it with another command,
or  <return>  to continue without it.


! LaTeX Error: No counter 'bt' defined.

See the LaTeX manual or LaTeX Companion for explanation.
Type  H <return>  for immediate help.
 ...                                              
                                                  
l.17 \setcounter{ex}{0}\setcounter{bt}{0}
                                         
Your command was ignored.
Type  I <command> <return>  to replace it with another command,
or  <return>  to continue without it.


Overfull \hbox (27.7778pt too wide) in paragraph at lines 16--18
[][]\/cmr/m/n/10 O
 []


Overfull \hbox (3.61111pt too wide) in paragraph at lines 16--18
[]\/cmr/m/n/10 I
 []


! LaTeX Error: Missing \begin{document}.

See the LaTeX manual or LaTeX Companion for explanation.
Type  H <return>  for immediate help.
 ...                                              
                                                  
l.19 M
      ^^e1^^bb^^99t s^^e1^^bb^^91 n^^e1^^bb^^99i dung v^^e1^^bb^^81 l^^c3^^b...

You're in trouble here.  Try typing  <return>  to proceed.
If that doesn't work, type  X <return>  to quit.

Missing character: There is no M in font nullfont!

! LaTeX Error: Unicode character ^^e1^^bb^^99 (U+1ED9)
               not set up for use with LaTeX.

See the LaTeX manual or LaTeX Companion for explanation.
Type  H <return>  for immediate help.
 ...                                              
                                                  
l.19 M^^e1^^bb^^99
                  t s^^e1^^bb^^91 n^^e1^^bb^^99i dung v^^e1^^bb^^81 l^^c3^^b...

You may provide a definition with
\DeclareUnicodeCharacter 

Missing character: There is no t in font nullfont!
Missing character: There is no s in font nullfont!

! LaTeX Error: Unicode character ^^e1^^bb^^91 (U+1ED1)
               not set up for use with LaTeX.

See the LaTeX manual or LaTeX Companion for explanation.
Type  H <return>  for immediate help.
 ...                                              
                                                  
l.19 M^^e1^^bb^^99t s^^e1^^bb^^91
                                  n^^e1^^bb^^99i dung v^^e1^^bb^^81 l^^c3^^b...

You may provide a definition with
\DeclareUnicodeCharacter 

Missing character: There is no n in font nullfont!

! LaTeX Error: Unicode character ^^e1^^bb^^99 (U+1ED9)
               not set up for use with LaTeX.

See the LaTeX manual or LaTeX Companion for explanation.
Type  H <return>  for immediate help.
 ...                                              
                                                  
l.19 M^^e1^^bb^^99t s^^e1^^bb^^91 n^^e1^^bb^^99
                                               i dung v^^e1^^bb^^81 l^^c3^^b...

You may provide a definition with
\DeclareUnicodeCharacter 

Missing character: There is no i in font nullfont!
Missing character: There is no d in font nullfont!
Missing character: There is no u in font nullfont!
Missing character: There is no n in font nullfont!
Missing character: There is no g in font nullfont!
Missing character: There is no v in font nullfont!

! LaTeX Error: Unicode character ^^e1^^bb^^81 (U+1EC1)
               not set up for use with LaTeX.

See the LaTeX manual or LaTeX Companion for explanation.
Type  H <return>  for immediate help.
 ...                                              
                                                  
l.19 ...^^bb^^91 n^^e1^^bb^^99i dung v^^e1^^bb^^81
                                                   l^^c3^^bd thuy^^e1^^ba^^bft.

You may provide a definition with
\DeclareUnicodeCharacter 

Missing character: There is no l in font nullfont!
Missing character: There is no t in font nullfont!
Missing character: There is no h in font nullfont!
Missing character: There is no u in font nullfont!
Missing character: There is no y in font nullfont!

! LaTeX Error: Unicode character ^^e1^^ba^^bf (U+1EBF)
               not set up for use with LaTeX.

See the LaTeX manual or LaTeX Companion for explanation.
Type  H <return>  for immediate help.
 ...                                              
                                                  
l.19 ...g v^^e1^^bb^^81 l^^c3^^bd thuy^^e1^^ba^^bf
                                                  t.
You may provide a definition with
\DeclareUnicodeCharacter 

Missing character: There is no t in font nullfont!
Missing character: There is no . in font nullfont!

Overfull \hbox (20.0pt too wide) in paragraph at lines 19--20
[]
 []


Overfull \hbox (5.2778pt too wide) in paragraph at lines 19--20
\/cmr/m/n/10 ^^Sy
 []

! Undefined control sequence.
l.21 \section
             {B^^c3^^80I T^^e1^^ba^^acP V^^e1^^ba^^acN D^^e1^^bb^^a4NG}
The control sequence at the end of the top line
of your error message was never \def'ed. If you have
misspelled it (e.g., `\hobx'), type `I' and the correct
spelling (e.g., `I\hbox'). Otherwise just continue,
and I'll forget about whatever was undefined.


! LaTeX Error: Missing \begin{document}.

See the LaTeX manual or LaTeX Companion for explanation.
Type  H <return>  for immediate help.
 ...                                              
                                                  
l.21 \section{B
               ^^c3^^80I T^^e1^^ba^^acP V^^e1^^ba^^acN D^^e1^^bb^^a4NG}
You're in trouble here.  Try typing  <return>  to proceed.
If that doesn't work, type  X <return>  to quit.

Missing character: There is no B in font nullfont!
Missing character: There is no I in font nullfont!
Missing character: There is no T in font nullfont!

! LaTeX Error: Unicode character ^^e1^^ba^^ac (U+1EAC)
               not set up for use with LaTeX.

See the LaTeX manual or LaTeX Companion for explanation.
Type  H <return>  for immediate help.
 ...                                              
                                                  
l.21 \section{B^^c3^^80I T^^e1^^ba^^ac
                                      P V^^e1^^ba^^acN D^^e1^^bb^^a4NG}
You may provide a definition with
\DeclareUnicodeCharacter 

Missing character: There is no P in font nullfont!
Missing character: There is no V in font nullfont!

! LaTeX Error: Unicode character ^^e1^^ba^^ac (U+1EAC)
               not set up for use with LaTeX.

See the LaTeX manual or LaTeX Companion for explanation.
Type  H <return>  for immediate help.
 ...                                              
                                                  
l.21 ...on{B^^c3^^80I T^^e1^^ba^^acP V^^e1^^ba^^ac
                                                  N D^^e1^^bb^^a4NG}
You may provide a definition with
\DeclareUnicodeCharacter 

Missing character: There is no N in font nullfont!
Missing character: There is no D in font nullfont!

! LaTeX Error: Unicode character ^^e1^^bb^^a4 (U+1EE4)
               not set up for use with LaTeX.

See the LaTeX manual or LaTeX Companion for explanation.
Type  H <return>  for immediate help.
 ...                                              
                                                  
l.21 ...^^e1^^ba^^acP V^^e1^^ba^^acN D^^e1^^bb^^a4
                                                  NG}
You may provide a definition with
\DeclareUnicodeCharacter 

Missing character: There is no N in font nullfont!
Missing character: There is no G in font nullfont!

Overfull \hbox (27.50002pt too wide) in paragraph at lines 21--22
[][]\/cmr/m/n/10 A
 []


! LaTeX Error: Environment bt undefined.

See the LaTeX manual or LaTeX Companion for explanation.
Type  H <return>  for immediate help.
 ...                                              
                                                  
l.23 \begin{bt}
               
Your command was ignored.
Type  I <command> <return>  to replace it with another command,
or  <return>  to continue without it.


! LaTeX Error: Missing \begin{document}.

See the LaTeX manual or LaTeX Companion for explanation.
Type  H <return>  for immediate help.
 ...                                              
                                                  
l.24 ^^IN
         ^^e1^^bb^^99i dung ^^c4^^91^^e1^^bb^^81 b^^c3^^a0i
You're in trouble here.  Try typing  <return>  to proceed.
If that doesn't work, type  X <return>  to quit.

Missing character: There is no N in font nullfont!

! LaTeX Error: Unicode character ^^e1^^bb^^99 (U+1ED9)
               not set up for use with LaTeX.

See the LaTeX manual or LaTeX Companion for explanation.
Type  H <return>  for immediate help.
 ...                                              
                                                  
l.24 ^^IN^^e1^^bb^^99
                     i dung ^^c4^^91^^e1^^bb^^81 b^^c3^^a0i
You may provide a definition with
\DeclareUnicodeCharacter 

Missing character: There is no i in font nullfont!
Missing character: There is no d in font nullfont!
Missing character: There is no u in font nullfont!
Missing character: There is no n in font nullfont!
Missing character: There is no g in font nullfont!

! LaTeX Error: Command \dj unavailable in encoding .

See the LaTeX manual or LaTeX Companion for explanation.
Type  H <return>  for immediate help.
 ...                                              
                                                  
l.24 ^^IN^^e1^^bb^^99i dung ^^c4^^91
                                    ^^e1^^bb^^81 b^^c3^^a0i
Your command was ignored.
Type  I <command> <return>  to replace it with another command,
or  <return>  to continue without it.


! LaTeX Error: Unicode character ^^e1^^bb^^81 (U+1EC1)
               not set up for use with LaTeX.

See the LaTeX manual or LaTeX Companion for explanation.
Type  H <return>  for immediate help.
 ...                                              
                                                  
l.24 ^^IN^^e1^^bb^^99i dung ^^c4^^91^^e1^^bb^^81
                                                 b^^c3^^a0i
You may provide a definition with
\DeclareUnicodeCharacter 

Missing character: There is no b in font nullfont!
Missing character: There is no i in font nullfont!
! Undefined control sequence.
l.25 ^^I\loigiai
                {
The control sequence at the end of the top line
of your error message was never \def'ed. If you have
misspelled it (e.g., `\hobx'), type `I' and the correct
spelling (e.g., `I\hbox'). Otherwise just continue,
and I'll forget about whatever was undefined.


! LaTeX Error: \begin{document} ended by \end{bt}.

See the LaTeX manual or LaTeX Companion for explanation.
Type  H <return>  for immediate help.
 ...                                              
                                                  
l.27 \end{bt}
             
Your command was ignored.
Type  I <command> <return>  to replace it with another command,
or  <return>  to continue without it.

Missing character: There is no - in font nullfont!
Missing character: There is no - in font nullfont!
Missing character: There is no - in font nullfont!
Missing character: There is no - in font nullfont!
Missing character: There is no - in font nullfont!
Missing character: There is no H in font nullfont!

! LaTeX Error: Unicode character ^^e1^^ba^^be (U+1EBE)
               not set up for use with LaTeX.

See the LaTeX manual or LaTeX Companion for explanation.
Type  H <return>  for immediate help.
 ...                                              
                                                  
l.28 \centering{-----H^^e1^^ba^^be
                                  T-----}
You may provide a definition with
\DeclareUnicodeCharacter 

Missing character: There is no T in font nullfont!
Missing character: There is no - in font nullfont!
Missing character: There is no - in font nullfont!
Missing character: There is no - in font nullfont!
Missing character: There is no - in font nullfont!
Missing character: There is no - in font nullfont!
)
! Emergency stop.
<*> ./DAI-SO-CHUONG-III-CHUYEN-DE-1.tex
                                       
*** (job aborted, no legal \end found)

 
Here is how much of TeX's memory you used:
 54 strings out of 478342
 954 string characters out of 5839198
 1849793 words of memory out of 5000000
 20270 multiletter control sequences out of 15000+600000
 512287 words of font info for 32 fonts, out of 8000000 for 9000
 0 hyphenation exceptions out of 8191
 23i,1n,32p,114b,95s stack positions out of 10000i,1000n,20000p,200000b,200000s
!  ==> Fatal error occurred, no output PDF file produced!
