This is pdfTeX, Version 3.141592653-2.6-1.40.24 (MiKTeX 22.1) (preloaded format=pdflatex 2023.2.10)  19 MAY 2023 09:41
entering extended mode
 \write18 enabled.
 %&-line parsing enabled.
**./KIEM-TRA-TUAN-AMS.tex
(KIEM-TRA-TUAN-AMS.tex
LaTeX2e <2022-11-01> patch level 1
L3 programming layer <2022-12-17>

! LaTeX Error: Environment name undefined.

See the LaTeX manual or LaTeX Companion for explanation.
Type  H <return>  for immediate help.
 ...                                              
                                                  
l.1 \begin{name}
                
Your command was ignored.
Type  I <command> <return>  to replace it with another command,
or  <return>  to continue without it.


! LaTeX Error: Missing \begin{document}.

See the LaTeX manual or LaTeX Companion for explanation.
Type  H <return>  for immediate help.
 ...                                              
                                                  
l.2 ^^I{G
         V: Nguy^^e1^^bb^^85n V^^c4^^83n An}
You're in trouble here.  Try typing  <return>  to proceed.
If that doesn't work, type  X <return>  to quit.

Missing character: There is no G in font nullfont!
Missing character: There is no V in font nullfont!
Missing character: There is no : in font nullfont!
Missing character: There is no N in font nullfont!
Missing character: There is no g in font nullfont!
Missing character: There is no u in font nullfont!
Missing character: There is no y in font nullfont!

! LaTeX Error: Unicode character ^^e1^^bb^^85 (U+1EC5)
               not set up for use with LaTeX.

See the LaTeX manual or LaTeX Companion for explanation.
Type  H <return>  for immediate help.
 ...                                              
                                                  
l.2 ^^I{GV: Nguy^^e1^^bb^^85
                            n V^^c4^^83n An}
You may provide a definition with
\DeclareUnicodeCharacter 

Missing character: There is no n in font nullfont!
Missing character: There is no V in font nullfont!
LaTeX Font Info:    Trying to load font information for +cmr on input line 2.
LaTeX Font Info:    No file cmr.fd. on input line 2.

LaTeX Font Warning: Font shape `/cmr/m/n' undefined
(Font)              using `/cmr/m/n' instead on input line 2.

! Corrupted NFSS tables.
wrong@fontshape ...message {Corrupted NFSS tables}
                                                  error@fontshape else let f...
l.2 ^^I{GV: Nguy^^e1^^bb^^85n V^^c4^^83
                                       n An}
This error message was generated by an \errmessage
command, so I can't give any explicit help.
Pretend that you're Hercule Poirot: Examine all clues,
and deduce the truth by order and method.


LaTeX Font Warning: Font shape `/cmr/m/n' undefined
(Font)              using `OT1/cmr/m/n' instead on input line 2.

Missing character: There is no n in font nullfont!
Missing character: There is no A in font nullfont!
Missing character: There is no n in font nullfont!

! LaTeX Error: Command \DJ unavailable in encoding .

See the LaTeX manual or LaTeX Companion for explanation.
Type  H <return>  for immediate help.
 ...                                              
                                                  
l.3 ^^I{^^c4^^90
                ^^e1^^bb^^80 KI^^e1^^bb^^82M TRA TU^^e1^^ba^^a6N AMS \break ...

Your command was ignored.
Type  I <command> <return>  to replace it with another command,
or  <return>  to continue without it.


! LaTeX Error: Unicode character ^^e1^^bb^^80 (U+1EC0)
               not set up for use with LaTeX.

See the LaTeX manual or LaTeX Companion for explanation.
Type  H <return>  for immediate help.
 ...                                              
                                                  
l.3 ^^I{^^c4^^90^^e1^^bb^^80
                             KI^^e1^^bb^^82M TRA TU^^e1^^ba^^a6N AMS \break ...

You may provide a definition with
\DeclareUnicodeCharacter 

Missing character: There is no K in font nullfont!
Missing character: There is no I in font nullfont!

! LaTeX Error: Unicode character ^^e1^^bb^^82 (U+1EC2)
               not set up for use with LaTeX.

See the LaTeX manual or LaTeX Companion for explanation.
Type  H <return>  for immediate help.
 ...                                              
                                                  
l.3 ^^I{^^c4^^90^^e1^^bb^^80 KI^^e1^^bb^^82
                                           M TRA TU^^e1^^ba^^a6N AMS \break ...

You may provide a definition with
\DeclareUnicodeCharacter 

Missing character: There is no M in font nullfont!
Missing character: There is no T in font nullfont!
Missing character: There is no R in font nullfont!
Missing character: There is no A in font nullfont!
Missing character: There is no T in font nullfont!
Missing character: There is no U in font nullfont!

! LaTeX Error: Unicode character ^^e1^^ba^^a6 (U+1EA6)
               not set up for use with LaTeX.

See the LaTeX manual or LaTeX Companion for explanation.
Type  H <return>  for immediate help.
 ...                                              
                                                  
l.3 ...^^bb^^80 KI^^e1^^bb^^82M TRA TU^^e1^^ba^^a6
                                                  N AMS \break ^^c4^^90^^e1^...

You may provide a definition with
\DeclareUnicodeCharacter 

Missing character: There is no N in font nullfont!
Missing character: There is no A in font nullfont!
Missing character: There is no M in font nullfont!
Missing character: There is no S in font nullfont!

! LaTeX Error: Command \DJ unavailable in encoding .

See the LaTeX manual or LaTeX Companion for explanation.
Type  H <return>  for immediate help.
 ...                                              
                                                  
l.3 ...82M TRA TU^^e1^^ba^^a6N AMS \break ^^c4^^90
                                                  ^^e1^^bb^^80 S^^e1^^bb^^90 9}

Your command was ignored.
Type  I <command> <return>  to replace it with another command,
or  <return>  to continue without it.


! LaTeX Error: Unicode character ^^e1^^bb^^80 (U+1EC0)
               not set up for use with LaTeX.

See the LaTeX manual or LaTeX Companion for explanation.
Type  H <return>  for immediate help.
 ...                                              
                                                  
l.3 ...e1^^ba^^a6N AMS \break ^^c4^^90^^e1^^bb^^80
                                                   S^^e1^^bb^^90 9}
You may provide a definition with
\DeclareUnicodeCharacter 

Missing character: There is no S in font nullfont!

! LaTeX Error: Unicode character ^^e1^^bb^^90 (U+1ED0)
               not set up for use with LaTeX.

See the LaTeX manual or LaTeX Companion for explanation.
Type  H <return>  for immediate help.
 ...                                              
                                                  
l.3 ...S \break ^^c4^^90^^e1^^bb^^80 S^^e1^^bb^^90
                                                   9}
You may provide a definition with
\DeclareUnicodeCharacter 

Missing character: There is no 9 in font nullfont!

! LaTeX Error: \begin{document} ended by \end{name}.

See the LaTeX manual or LaTeX Companion for explanation.
Type  H <return>  for immediate help.
 ...                                              
                                                  
l.4 \end{name}
              
Your command was ignored.
Type  I <command> <return>  to replace it with another command,
or  <return>  to continue without it.


! LaTeX Error: No counter 'ex' defined.

See the LaTeX manual or LaTeX Companion for explanation.
Type  H <return>  for immediate help.
 ...                                              
                                                  
l.5 \setcounter{ex}{0}
                      \setcounter{bt}{0}
Your command was ignored.
Type  I <command> <return>  to replace it with another command,
or  <return>  to continue without it.


! LaTeX Error: No counter 'bt' defined.

See the LaTeX manual or LaTeX Companion for explanation.
Type  H <return>  for immediate help.
 ...                                              
                                                  
l.5 \setcounter{ex}{0}\setcounter{bt}{0}
                                        
Your command was ignored.
Type  I <command> <return>  to replace it with another command,
or  <return>  to continue without it.


! LaTeX Error: Environment bt undefined.

See the LaTeX manual or LaTeX Companion for explanation.
Type  H <return>  for immediate help.
 ...                                              
                                                  
l.7 \begin{bt}
              %[T^^c3^^aan gi^^c3^^a1o vi^^c3^^aan bi^^c3^^aan so^^e1^^ba^^a...

Your command was ignored.
Type  I <command> <return>  to replace it with another command,
or  <return>  to continue without it.

Missing character: There is no N in font nullfont!

! LaTeX Error: Unicode character ^^e1^^bb^^99 (U+1ED9)
               not set up for use with LaTeX.

See the LaTeX manual or LaTeX Companion for explanation.
Type  H <return>  for immediate help.
 ...                                              
                                                  
l.8 ^^IN^^e1^^bb^^99
                    i dung b^^c3^^a0i to^^c3^^a1n
You may provide a definition with
\DeclareUnicodeCharacter 

Missing character: There is no i in font nullfont!
Missing character: There is no d in font nullfont!
Missing character: There is no u in font nullfont!
Missing character: There is no n in font nullfont!
Missing character: There is no g in font nullfont!
Missing character: There is no b in font nullfont!
Missing character: There is no i in font nullfont!
Missing character: There is no t in font nullfont!
Missing character: There is no o in font nullfont!
Missing character: There is no n in font nullfont!

Overfull \hbox (20.0pt too wide) in paragraph at lines 2--9
[]
 []


Overfull \hbox (10.00003pt too wide) in paragraph at lines 2--9
\/cmr/m/n/10 ^^Ua
 []


Overfull \hbox (5.00002pt too wide) in paragraph at lines 2--9
\/cmr/m/n/10 ^^Ra
 []


Overfull \hbox (5.00002pt too wide) in paragraph at lines 2--9
\/cmr/m/n/10 ^^Sa 
 []

Missing character: There is no N in font nullfont!

! LaTeX Error: Unicode character ^^e1^^bb^^99 (U+1ED9)
               not set up for use with LaTeX.

See the LaTeX manual or LaTeX Companion for explanation.
Type  H <return>  for immediate help.
 ...                                              
                                                  
l.10 ^^I^^I\item N^^e1^^bb^^99
                              i dung c^^c3^^a2u h^^e1^^bb^^8fi.
You may provide a definition with
\DeclareUnicodeCharacter 

Missing character: There is no i in font nullfont!
Missing character: There is no d in font nullfont!
Missing character: There is no u in font nullfont!
Missing character: There is no n in font nullfont!
Missing character: There is no g in font nullfont!
Missing character: There is no c in font nullfont!
Missing character: There is no u in font nullfont!
Missing character: There is no h in font nullfont!

! LaTeX Error: Unicode character ^^e1^^bb^^8f (U+1ECF)
               not set up for use with LaTeX.

See the LaTeX manual or LaTeX Companion for explanation.
Type  H <return>  for immediate help.
 ...                                              
                                                  
l.10 ...^e1^^bb^^99i dung c^^c3^^a2u h^^e1^^bb^^8f
                                                  i.
You may provide a definition with
\DeclareUnicodeCharacter 

Missing character: There is no i in font nullfont!
Missing character: There is no . in font nullfont!

Overfull \hbox (5.00002pt too wide) in paragraph at lines 10--11
\/cmr/m/n/10 ^a 
 []

Missing character: There is no N in font nullfont!

! LaTeX Error: Unicode character ^^e1^^bb^^99 (U+1ED9)
               not set up for use with LaTeX.

See the LaTeX manual or LaTeX Companion for explanation.
Type  H <return>  for immediate help.
 ...                                              
                                                  
l.11 ^^I^^I\item N^^e1^^bb^^99
                              i dung c^^c3^^a2u h^^e1^^bb^^8fi.
You may provide a definition with
\DeclareUnicodeCharacter 

Missing character: There is no i in font nullfont!
Missing character: There is no d in font nullfont!
Missing character: There is no u in font nullfont!
Missing character: There is no n in font nullfont!
Missing character: There is no g in font nullfont!
Missing character: There is no c in font nullfont!
Missing character: There is no u in font nullfont!
Missing character: There is no h in font nullfont!

! LaTeX Error: Unicode character ^^e1^^bb^^8f (U+1ECF)
               not set up for use with LaTeX.

See the LaTeX manual or LaTeX Companion for explanation.
Type  H <return>  for immediate help.
 ...                                              
                                                  
l.11 ...^e1^^bb^^99i dung c^^c3^^a2u h^^e1^^bb^^8f
                                                  i.
You may provide a definition with
\DeclareUnicodeCharacter 

Missing character: There is no i in font nullfont!
Missing character: There is no . in font nullfont!

Overfull \hbox (5.00002pt too wide) in paragraph at lines 11--12
\/cmr/m/n/10 ^a 
 []

! Undefined control sequence.
l.13 ^^I\loigiai
                {
The control sequence at the end of the top line
of your error message was never \def'ed. If you have
misspelled it (e.g., `\hobx'), type `I' and the correct
spelling (e.g., `I\hbox'). Otherwise just continue,
and I'll forget about whatever was undefined.

Missing character: There is no N in font nullfont!

! LaTeX Error: Unicode character ^^e1^^bb^^99 (U+1ED9)
               not set up for use with LaTeX.

See the LaTeX manual or LaTeX Companion for explanation.
Type  H <return>  for immediate help.
 ...                                              
                                                  
l.14 ^^I^^IN^^e1^^bb^^99
                        i dung l^^e1^^bb^^9di gi^^e1^^ba^^a3i
You may provide a definition with
\DeclareUnicodeCharacter 

Missing character: There is no i in font nullfont!
Missing character: There is no d in font nullfont!
Missing character: There is no u in font nullfont!
Missing character: There is no n in font nullfont!
Missing character: There is no g in font nullfont!
Missing character: There is no l in font nullfont!

! LaTeX Error: Unicode character ^^e1^^bb^^9d (U+1EDD)
               not set up for use with LaTeX.

See the LaTeX manual or LaTeX Companion for explanation.
Type  H <return>  for immediate help.
 ...                                              
                                                  
l.14 ^^I^^IN^^e1^^bb^^99i dung l^^e1^^bb^^9d
                                            i gi^^e1^^ba^^a3i
You may provide a definition with
\DeclareUnicodeCharacter 

Missing character: There is no i in font nullfont!
Missing character: There is no g in font nullfont!
Missing character: There is no i in font nullfont!

! LaTeX Error: Unicode character ^^e1^^ba^^a3 (U+1EA3)
               not set up for use with LaTeX.

See the LaTeX manual or LaTeX Companion for explanation.
Type  H <return>  for immediate help.
 ...                                              
                                                  
l.14 ...bb^^99i dung l^^e1^^bb^^9di gi^^e1^^ba^^a3
                                                  i
You may provide a definition with
\DeclareUnicodeCharacter 

Missing character: There is no i in font nullfont!

! LaTeX Error: \begin{document} ended by \end{bt}.

See the LaTeX manual or LaTeX Companion for explanation.
Type  H <return>  for immediate help.
 ...                                              
                                                  
l.16 \end{bt}
             
Your command was ignored.
Type  I <command> <return>  to replace it with another command,
or  <return>  to continue without it.

Missing character: There is no - in font nullfont!
Missing character: There is no - in font nullfont!
Missing character: There is no - in font nullfont!
Missing character: There is no H in font nullfont!

! LaTeX Error: Unicode character ^^e1^^ba^^bf (U+1EBF)
               not set up for use with LaTeX.

See the LaTeX manual or LaTeX Companion for explanation.
Type  H <return>  for immediate help.
 ...                                              
                                                  
l.17 \centering{---H^^e1^^ba^^bf
                                t---}
You may provide a definition with
\DeclareUnicodeCharacter 

Missing character: There is no t in font nullfont!
Missing character: There is no - in font nullfont!
Missing character: There is no - in font nullfont!
Missing character: There is no - in font nullfont!
)
! Emergency stop.
<*> ./KIEM-TRA-TUAN-AMS.tex
                           
*** (job aborted, no legal \end found)

 
Here is how much of TeX's memory you used:
 50 strings out of 478342
 873 string characters out of 5839198
 1848793 words of memory out of 5000000
 20266 multiletter control sequences out of 15000+600000
 512287 words of font info for 32 fonts, out of 8000000 for 9000
 0 hyphenation exceptions out of 8191
 23i,1n,32p,119b,114s stack positions out of 10000i,1000n,20000p,200000b,200000s
!  ==> Fatal error occurred, no output PDF file produced!
