This is pdfTeX, Version 3.141592653-2.6-1.40.24 (MiKTeX 22.1) (preloaded format=pdflatex 2023.2.10)  19 MAY 2023 09:43
entering extended mode
 \write18 enabled.
 %&-line parsing enabled.
**./Main_TL4.tex
(Main_TL4.tex
LaTeX2e <2022-11-01> patch level 1
L3 programming layer <2022-12-17>
(/Users/admin/Library/Application Support/MiKTeX/texmfs/install/tex/latex/base/
book.cls
Document Class: book 2022/07/02 v1.4n Standard LaTeX document class

(/Users/admin/Library/Application Support/MiKTeX/texmfs/install/tex/latex/base/
bk12.clo
File: bk12.clo 2022/07/02 v1.4n Standard LaTeX file (size option)
)
\c@part=\count185
\c@chapter=\count186
\c@section=\count187
\c@subsection=\count188
\c@subsubsection=\count189
\c@paragraph=\count190
\c@subparagraph=\count191
\c@figure=\count192
\c@table=\count193
\abovecaptionskip=\skip48
\belowcaptionskip=\skip49
\bibindent=\dimen140
)
(/Users/admin/Library/Application Support/MiKTeX/texmfs/install/tex/latex/koma-
script/scrextend.sty
Package: scrextend 2022/10/12 v3.38 KOMA-Script package (extend other classes w
ith features of KOMA-Script classes)

(/Users/admin/Library/Application Support/MiKTeX/texmfs/install/tex/latex/koma-
script/scrkbase.sty
Package: scrkbase 2022/10/12 v3.38 KOMA-Script package (KOMA-Script-dependent b
asics and keyval usage)

(/Users/admin/Library/Application Support/MiKTeX/texmfs/install/tex/latex/koma-
script/scrbase.sty
Package: scrbase 2022/10/12 v3.38 KOMA-Script package (KOMA-Script-independent 
basics and keyval usage)

(/Users/admin/Library/Application Support/MiKTeX/texmfs/install/tex/latex/koma-
script/scrlfile.sty
Package: scrlfile 2022/10/12 v3.38 KOMA-Script package (file load hooks)

(/Users/admin/Library/Application Support/MiKTeX/texmfs/install/tex/latex/koma-
script/scrlfile-hook.sty
Package: scrlfile-hook 2022/10/12 v3.38 KOMA-Script package (using LaTeX hooks)


(/Users/admin/Library/Application Support/MiKTeX/texmfs/install/tex/latex/koma-
script/scrlogo.sty
Package: scrlogo 2022/10/12 v3.38 KOMA-Script package (logo)
)))
(/Users/admin/Library/Application Support/MiKTeX/texmfs/install/tex/latex/graph
ics/keyval.sty
Package: keyval 2022/05/29 v1.15 key=value parser (DPC)
\KV@toks@=\toks16
)
Applying: [2021/05/01] Usage of raw or classic option list on input line 252.
Already applied: [0000/00/00] Usage of raw or classic option list on input line
 368.
)))

LaTeX Font Warning: Font shape `OT1/cmr/m/n' in size <13> not available
(Font)              size <12> substituted on input line 3.


(/Users/admin/Library/Application Support/MiKTeX/texmfs/install/tex/latex/amsma
th/amsmath.sty
Package: amsmath 2022/04/08 v2.17n AMS math features
\@mathmargin=\skip50

For additional information on amsmath, use the `?' option.

(/Users/admin/Library/Application Support/MiKTeX/texmfs/install/tex/latex/amsma
th/amstext.sty
Package: amstext 2021/08/26 v2.01 AMS text

(/Users/admin/Library/Application Support/MiKTeX/texmfs/install/tex/latex/amsma
th/amsgen.sty
File: amsgen.sty 1999/11/30 v2.0 generic functions
\@emptytoks=\toks17
\ex@=\dimen141
))
(/Users/admin/Library/Application Support/MiKTeX/texmfs/install/tex/latex/amsma
th/amsbsy.sty
Package: amsbsy 1999/11/29 v1.2d Bold Symbols
\pmbraise@=\dimen142
)
(/Users/admin/Library/Application Support/MiKTeX/texmfs/install/tex/latex/amsma
th/amsopn.sty
Package: amsopn 2022/04/08 v2.04 operator names
)
\inf@bad=\count194
LaTeX Info: Redefining \frac on input line 234.
\uproot@=\count195
\leftroot@=\count196
LaTeX Info: Redefining \overline on input line 399.
LaTeX Info: Redefining \colon on input line 410.
\classnum@=\count197
\DOTSCASE@=\count198
LaTeX Info: Redefining \ldots on input line 496.
LaTeX Info: Redefining \dots on input line 499.
LaTeX Info: Redefining \cdots on input line 620.
\Mathstrutbox@=\box51
\strutbox@=\box52
LaTeX Info: Redefining \big on input line 722.
LaTeX Info: Redefining \Big on input line 723.
LaTeX Info: Redefining \bigg on input line 724.
LaTeX Info: Redefining \Bigg on input line 725.
\big@size=\dimen143
LaTeX Font Info:    Redeclaring font encoding OML on input line 743.
LaTeX Font Info:    Redeclaring font encoding OMS on input line 744.
\macc@depth=\count199
LaTeX Info: Redefining \bmod on input line 905.
LaTeX Info: Redefining \pmod on input line 910.
LaTeX Info: Redefining \smash on input line 940.
LaTeX Info: Redefining \relbar on input line 970.
LaTeX Info: Redefining \Relbar on input line 971.
\c@MaxMatrixCols=\count266
\dotsspace@=\muskip16
\c@parentequation=\count267
\dspbrk@lvl=\count268
\tag@help=\toks18
\row@=\count269
\column@=\count270
\maxfields@=\count271
\andhelp@=\toks19
\eqnshift@=\dimen144
\alignsep@=\dimen145
\tagshift@=\dimen146
\tagwidth@=\dimen147
\totwidth@=\dimen148
\lineht@=\dimen149
\@envbody=\toks20
\multlinegap=\skip51
\multlinetaggap=\skip52
\mathdisplay@stack=\toks21
LaTeX Info: Redefining \[ on input line 2953.
LaTeX Info: Redefining \] on input line 2954.
)
(/Users/admin/Library/Application Support/MiKTeX/texmfs/install/tex/latex/amsfo
nts/amssymb.sty
Package: amssymb 2013/01/14 v3.01 AMS font symbols

(/Users/admin/Library/Application Support/MiKTeX/texmfs/install/tex/latex/amsfo
nts/amsfonts.sty
Package: amsfonts 2013/01/14 v3.01 Basic AMSFonts support
\symAMSa=\mathgroup4
\symAMSb=\mathgroup5
LaTeX Font Info:    Redeclaring math symbol \hbar on input line 98.
LaTeX Font Info:    Overwriting math alphabet `\mathfrak' in version `bold'
(Font)                  U/euf/m/n --> U/euf/b/n on input line 106.
))
(/Users/admin/Library/Application Support/MiKTeX/texmfs/install/tex/latex/jknap
pen/mathrsfs.sty
Package: mathrsfs 1996/01/01 Math RSFS package v1.0 (jk)
\symrsfs=\mathgroup6
)
(/Users/admin/Library/Application Support/MiKTeX/texmfs/install/tex/latex/tools
/enumerate.sty
Package: enumerate 2015/07/23 v3.00 enumerate extensions (DPC)
\@enLab=\toks22
)
(/Library/Application Support/MiKTeX/texmfs/install/tex/latex/multirow/multirow
.sty
Package: multirow 2021/03/15 v2.8 Span multiple rows of a table
\multirow@colwidth=\skip53
\multirow@cntb=\count272
\multirow@dima=\skip54
\bigstrutjot=\dimen150
)
(/Users/admin/Library/Application Support/MiKTeX/texmfs/install/tex/latex/makec
ell/makecell.sty
Package: makecell 2009/08/03 V0.1e Managing of Tab Column Heads and Cells

(/Users/admin/Library/Application Support/MiKTeX/texmfs/install/tex/latex/tools
/array.sty
Package: array 2022/03/10 v2.5f Tabular extension package (FMi)
\col@sep=\dimen151
\ar@mcellbox=\box53
\extrarowheight=\dimen152
\NC@list=\toks23
\extratabsurround=\skip55
\backup@length=\skip56
\ar@cellbox=\box54
)
\rotheadsize=\dimen153
\c@nlinenum=\count273
\TeXr@lab=\toks24
)
(/Library/Application Support/MiKTeX/texmfs/install/tex/latex/fontawesome/fonta
wesome.sty
Package: fontawesome 2016/05/15 v4.6.3.1 font awesome icons

(/Users/admin/Library/Application Support/MiKTeX/texmfs/install/tex/generic/ift
ex/ifxetex.sty
Package: ifxetex 2019/10/25 v0.7 ifxetex legacy package. Use iftex instead.

(/Users/admin/Library/Application Support/MiKTeX/texmfs/install/tex/generic/ift
ex/iftex.sty
Package: iftex 2022/02/03 v1.0f TeX engine tests
))
(/Users/admin/Library/Application Support/MiKTeX/texmfs/install/tex/generic/ift
ex/ifluatex.sty
Package: ifluatex 2019/10/25 v1.5 ifluatex legacy package. Use iftex instead.
)
(/Library/Application Support/MiKTeX/texmfs/install/tex/latex/fontawesome/fonta
wesomesymbols-generic.tex)
(/Library/Application Support/MiKTeX/texmfs/install/tex/latex/fontawesome/fonta
wesomesymbols-pdftex.tex))
(/Library/Application Support/MiKTeX/texmfs/install/tex/latex/bclogo/bclogo.sty
Package: bclogo 2016/01/10 v3.1

(/Users/admin/Library/Application Support/MiKTeX/texmfs/install/tex/latex/xkeyv
al/xkeyval.sty
Package: xkeyval 2022/06/16 v2.9 package option processing (HA)

(/Users/admin/Library/Application Support/MiKTeX/texmfs/install/tex/generic/xke
yval/xkeyval.tex
(/Users/admin/Library/Application Support/MiKTeX/texmfs/install/tex/generic/xke
yval/xkvutils.tex
\XKV@toks=\toks25
\XKV@tempa@toks=\toks26
)
\XKV@depth=\count274
File: xkeyval.tex 2014/12/03 v2.7a key=value parser (HA)
))
(/Users/admin/Library/Application Support/MiKTeX/texmfs/install/tex/latex/base/
ifthen.sty
Package: ifthen 2022/04/13 v1.1d Standard LaTeX ifthen package (DPC)
)
(/Users/admin/Library/Application Support/MiKTeX/texmfs/install/tex/latex/graph
ics/graphicx.sty
Package: graphicx 2021/09/16 v1.2d Enhanced LaTeX Graphics (DPC,SPQR)

(/Users/admin/Library/Application Support/MiKTeX/texmfs/install/tex/latex/graph
ics/graphics.sty
Package: graphics 2022/03/10 v1.4e Standard LaTeX Graphics (DPC,SPQR)

(/Users/admin/Library/Application Support/MiKTeX/texmfs/install/tex/latex/graph
ics/trig.sty
Package: trig 2021/08/11 v1.11 sin cos tan (DPC)
)
(/Users/admin/Library/Application Support/MiKTeX/texmfs/install/tex/latex/graph
ics-cfg/graphics.cfg
File: graphics.cfg 2016/06/04 v1.11 sample graphics configuration
)
Package graphics Info: Driver file: pdftex.def on input line 107.

(/Users/admin/Library/Application Support/MiKTeX/texmfs/install/tex/latex/graph
ics-def/pdftex.def
File: pdftex.def 2022/09/22 v1.2b Graphics/color driver for pdftex
))
\Gin@req@height=\dimen154
\Gin@req@width=\dimen155
)
\bc@invboxh=\skip57
\bc@invboxd=\skip58
\bc@titleLength=\skip59
\logowidth=\skip60

(/Users/admin/Library/Application Support/MiKTeX/texmfs/install/tex/latex/pgf/f
rontendlayer/tikz.sty
(/Users/admin/Library/Application Support/MiKTeX/texmfs/install/tex/latex/pgf/b
asiclayer/pgf.sty
(/Users/admin/Library/Application Support/MiKTeX/texmfs/install/tex/latex/pgf/u
tilities/pgfrcs.sty
(/Users/admin/Library/Application Support/MiKTeX/texmfs/install/tex/generic/pgf
/utilities/pgfutil-common.tex
\pgfutil@everybye=\toks27
\pgfutil@tempdima=\dimen156
\pgfutil@tempdimb=\dimen157

(/Users/admin/Library/Application Support/MiKTeX/texmfs/install/tex/generic/pgf
/utilities/pgfutil-common-lists.tex))
(/Users/admin/Library/Application Support/MiKTeX/texmfs/install/tex/generic/pgf
/utilities/pgfutil-latex.def
\pgfutil@abb=\box55
)
(/Users/admin/Library/Application Support/MiKTeX/texmfs/install/tex/generic/pgf
/utilities/pgfrcs.code.tex
(/Users/admin/Library/Application Support/MiKTeX/texmfs/install/tex/generic/pgf
/pgf.revision.tex)
Package: pgfrcs 2021/05/15 v3.1.9a (3.1.9a)
))
Package: pgf 2021/05/15 v3.1.9a (3.1.9a)

(/Users/admin/Library/Application Support/MiKTeX/texmfs/install/tex/latex/pgf/b
asiclayer/pgfcore.sty
(/Users/admin/Library/Application Support/MiKTeX/texmfs/install/tex/latex/pgf/s
ystemlayer/pgfsys.sty
(/Users/admin/Library/Application Support/MiKTeX/texmfs/install/tex/generic/pgf
/systemlayer/pgfsys.code.tex
Package: pgfsys 2021/05/15 v3.1.9a (3.1.9a)

(/Users/admin/Library/Application Support/MiKTeX/texmfs/install/tex/generic/pgf
/utilities/pgfkeys.code.tex
\pgfkeys@pathtoks=\toks28
\pgfkeys@temptoks=\toks29

(/Users/admin/Library/Application Support/MiKTeX/texmfs/install/tex/generic/pgf
/utilities/pgfkeysfiltered.code.tex
\pgfkeys@tmptoks=\toks30
))
\pgf@x=\dimen158
\pgf@y=\dimen159
\pgf@xa=\dimen160
\pgf@ya=\dimen161
\pgf@xb=\dimen162
\pgf@yb=\dimen163
\pgf@xc=\dimen164
\pgf@yc=\dimen165
\pgf@xd=\dimen166
\pgf@yd=\dimen167
\w@pgf@writea=\write3
\r@pgf@reada=\read2
\c@pgf@counta=\count275
\c@pgf@countb=\count276
\c@pgf@countc=\count277
\c@pgf@countd=\count278
\t@pgf@toka=\toks31
\t@pgf@tokb=\toks32
\t@pgf@tokc=\toks33
\pgf@sys@id@count=\count279

(/Users/admin/Library/Application Support/MiKTeX/texmfs/install/tex/generic/pgf
/systemlayer/pgf.cfg
File: pgf.cfg 2021/05/15 v3.1.9a (3.1.9a)
)
Driver file for pgf: pgfsys-pdftex.def

(/Users/admin/Library/Application Support/MiKTeX/texmfs/install/tex/generic/pgf
/systemlayer/pgfsys-pdftex.def
File: pgfsys-pdftex.def 2021/05/15 v3.1.9a (3.1.9a)

(/Users/admin/Library/Application Support/MiKTeX/texmfs/install/tex/generic/pgf
/systemlayer/pgfsys-common-pdf.def
File: pgfsys-common-pdf.def 2021/05/15 v3.1.9a (3.1.9a)
)))
(/Users/admin/Library/Application Support/MiKTeX/texmfs/install/tex/generic/pgf
/systemlayer/pgfsyssoftpath.code.tex
File: pgfsyssoftpath.code.tex 2021/05/15 v3.1.9a (3.1.9a)
\pgfsyssoftpath@smallbuffer@items=\count280
\pgfsyssoftpath@bigbuffer@items=\count281
)
(/Users/admin/Library/Application Support/MiKTeX/texmfs/install/tex/generic/pgf
/systemlayer/pgfsysprotocol.code.tex
File: pgfsysprotocol.code.tex 2021/05/15 v3.1.9a (3.1.9a)
))
(/Users/admin/Library/Application Support/MiKTeX/texmfs/install/tex/latex/xcolo
r/xcolor.sty
Package: xcolor 2022/06/12 v2.14 LaTeX color extensions (UK)

(/Users/admin/Library/Application Support/MiKTeX/texmfs/install/tex/latex/graph
ics-cfg/color.cfg
File: color.cfg 2016/01/02 v1.6 sample color configuration
)
Package xcolor Info: Driver file: pdftex.def on input line 227.

(/Users/admin/Library/Application Support/MiKTeX/texmfs/install/tex/latex/graph
ics/mathcolor.ltx)
Package xcolor Info: Model `cmy' substituted by `cmy0' on input line 1353.
Package xcolor Info: Model `hsb' substituted by `rgb' on input line 1357.
Package xcolor Info: Model `RGB' extended on input line 1369.
Package xcolor Info: Model `HTML' substituted by `rgb' on input line 1371.
Package xcolor Info: Model `Hsb' substituted by `hsb' on input line 1372.
Package xcolor Info: Model `tHsb' substituted by `hsb' on input line 1373.
Package xcolor Info: Model `HSB' substituted by `hsb' on input line 1374.
Package xcolor Info: Model `Gray' substituted by `gray' on input line 1375.
Package xcolor Info: Model `wave' substituted by `hsb' on input line 1376.
)
(/Users/admin/Library/Application Support/MiKTeX/texmfs/install/tex/generic/pgf
/basiclayer/pgfcore.code.tex
Package: pgfcore 2021/05/15 v3.1.9a (3.1.9a)

(/Users/admin/Library/Application Support/MiKTeX/texmfs/install/tex/generic/pgf
/math/pgfmath.code.tex
(/Users/admin/Library/Application Support/MiKTeX/texmfs/install/tex/generic/pgf
/math/pgfmathcalc.code.tex
(/Users/admin/Library/Application Support/MiKTeX/texmfs/install/tex/generic/pgf
/math/pgfmathutil.code.tex)
(/Users/admin/Library/Application Support/MiKTeX/texmfs/install/tex/generic/pgf
/math/pgfmathparser.code.tex
\pgfmath@dimen=\dimen168
\pgfmath@count=\count282
\pgfmath@box=\box56
\pgfmath@toks=\toks34
\pgfmath@stack@operand=\toks35
\pgfmath@stack@operation=\toks36
)
(/Users/admin/Library/Application Support/MiKTeX/texmfs/install/tex/generic/pgf
/math/pgfmathfunctions.code.tex
(/Users/admin/Library/Application Support/MiKTeX/texmfs/install/tex/generic/pgf
/math/pgfmathfunctions.basic.code.tex)
(/Users/admin/Library/Application Support/MiKTeX/texmfs/install/tex/generic/pgf
/math/pgfmathfunctions.trigonometric.code.tex)
(/Users/admin/Library/Application Support/MiKTeX/texmfs/install/tex/generic/pgf
/math/pgfmathfunctions.random.code.tex)
(/Users/admin/Library/Application Support/MiKTeX/texmfs/install/tex/generic/pgf
/math/pgfmathfunctions.comparison.code.tex)
(/Users/admin/Library/Application Support/MiKTeX/texmfs/install/tex/generic/pgf
/math/pgfmathfunctions.base.code.tex)
(/Users/admin/Library/Application Support/MiKTeX/texmfs/install/tex/generic/pgf
/math/pgfmathfunctions.round.code.tex)
(/Users/admin/Library/Application Support/MiKTeX/texmfs/install/tex/generic/pgf
/math/pgfmathfunctions.misc.code.tex)
(/Users/admin/Library/Application Support/MiKTeX/texmfs/install/tex/generic/pgf
/math/pgfmathfunctions.integerarithmetics.code.tex)))
(/Users/admin/Library/Application Support/MiKTeX/texmfs/install/tex/generic/pgf
/math/pgfmathfloat.code.tex
\c@pgfmathroundto@lastzeros=\count283
))
(/Users/admin/Library/Application Support/MiKTeX/texmfs/install/tex/generic/pgf
/math/pgfint.code.tex)
(/Users/admin/Library/Application Support/MiKTeX/texmfs/install/tex/generic/pgf
/basiclayer/pgfcorepoints.code.tex
File: pgfcorepoints.code.tex 2021/05/15 v3.1.9a (3.1.9a)
\pgf@picminx=\dimen169
\pgf@picmaxx=\dimen170
\pgf@picminy=\dimen171
\pgf@picmaxy=\dimen172
\pgf@pathminx=\dimen173
\pgf@pathmaxx=\dimen174
\pgf@pathminy=\dimen175
\pgf@pathmaxy=\dimen176
\pgf@xx=\dimen177
\pgf@xy=\dimen178
\pgf@yx=\dimen179
\pgf@yy=\dimen180
\pgf@zx=\dimen181
\pgf@zy=\dimen182
)
(/Users/admin/Library/Application Support/MiKTeX/texmfs/install/tex/generic/pgf
/basiclayer/pgfcorepathconstruct.code.tex
File: pgfcorepathconstruct.code.tex 2021/05/15 v3.1.9a (3.1.9a)
\pgf@path@lastx=\dimen183
\pgf@path@lasty=\dimen184
)
(/Users/admin/Library/Application Support/MiKTeX/texmfs/install/tex/generic/pgf
/basiclayer/pgfcorepathusage.code.tex
File: pgfcorepathusage.code.tex 2021/05/15 v3.1.9a (3.1.9a)
\pgf@shorten@end@additional=\dimen185
\pgf@shorten@start@additional=\dimen186
)
(/Users/admin/Library/Application Support/MiKTeX/texmfs/install/tex/generic/pgf
/basiclayer/pgfcorescopes.code.tex
File: pgfcorescopes.code.tex 2021/05/15 v3.1.9a (3.1.9a)
\pgfpic=\box57
\pgf@hbox=\box58
\pgf@layerbox@main=\box59
\pgf@picture@serial@count=\count284
)
(/Users/admin/Library/Application Support/MiKTeX/texmfs/install/tex/generic/pgf
/basiclayer/pgfcoregraphicstate.code.tex
File: pgfcoregraphicstate.code.tex 2021/05/15 v3.1.9a (3.1.9a)
\pgflinewidth=\dimen187
)
(/Users/admin/Library/Application Support/MiKTeX/texmfs/install/tex/generic/pgf
/basiclayer/pgfcoretransformations.code.tex
File: pgfcoretransformations.code.tex 2021/05/15 v3.1.9a (3.1.9a)
\pgf@pt@x=\dimen188
\pgf@pt@y=\dimen189
\pgf@pt@temp=\dimen190
)
(/Users/admin/Library/Application Support/MiKTeX/texmfs/install/tex/generic/pgf
/basiclayer/pgfcorequick.code.tex
File: pgfcorequick.code.tex 2021/05/15 v3.1.9a (3.1.9a)
)
(/Users/admin/Library/Application Support/MiKTeX/texmfs/install/tex/generic/pgf
/basiclayer/pgfcoreobjects.code.tex
File: pgfcoreobjects.code.tex 2021/05/15 v3.1.9a (3.1.9a)
)
(/Users/admin/Library/Application Support/MiKTeX/texmfs/install/tex/generic/pgf
/basiclayer/pgfcorepathprocessing.code.tex
File: pgfcorepathprocessing.code.tex 2021/05/15 v3.1.9a (3.1.9a)
)
(/Users/admin/Library/Application Support/MiKTeX/texmfs/install/tex/generic/pgf
/basiclayer/pgfcorearrows.code.tex
File: pgfcorearrows.code.tex 2021/05/15 v3.1.9a (3.1.9a)
\pgfarrowsep=\dimen191
)
(/Users/admin/Library/Application Support/MiKTeX/texmfs/install/tex/generic/pgf
/basiclayer/pgfcoreshade.code.tex
File: pgfcoreshade.code.tex 2021/05/15 v3.1.9a (3.1.9a)
\pgf@max=\dimen192
\pgf@sys@shading@range@num=\count285
\pgf@shadingcount=\count286
)
(/Users/admin/Library/Application Support/MiKTeX/texmfs/install/tex/generic/pgf
/basiclayer/pgfcoreimage.code.tex
File: pgfcoreimage.code.tex 2021/05/15 v3.1.9a (3.1.9a)

(/Users/admin/Library/Application Support/MiKTeX/texmfs/install/tex/generic/pgf
/basiclayer/pgfcoreexternal.code.tex
File: pgfcoreexternal.code.tex 2021/05/15 v3.1.9a (3.1.9a)
\pgfexternal@startupbox=\box60
))
(/Users/admin/Library/Application Support/MiKTeX/texmfs/install/tex/generic/pgf
/basiclayer/pgfcorelayers.code.tex
File: pgfcorelayers.code.tex 2021/05/15 v3.1.9a (3.1.9a)
)
(/Users/admin/Library/Application Support/MiKTeX/texmfs/install/tex/generic/pgf
/basiclayer/pgfcoretransparency.code.tex
File: pgfcoretransparency.code.tex 2021/05/15 v3.1.9a (3.1.9a)
)
(/Users/admin/Library/Application Support/MiKTeX/texmfs/install/tex/generic/pgf
/basiclayer/pgfcorepatterns.code.tex
File: pgfcorepatterns.code.tex 2021/05/15 v3.1.9a (3.1.9a)
)
(/Users/admin/Library/Application Support/MiKTeX/texmfs/install/tex/generic/pgf
/basiclayer/pgfcorerdf.code.tex
File: pgfcorerdf.code.tex 2021/05/15 v3.1.9a (3.1.9a)
)))
(/Users/admin/Library/Application Support/MiKTeX/texmfs/install/tex/generic/pgf
/modules/pgfmoduleshapes.code.tex
File: pgfmoduleshapes.code.tex 2021/05/15 v3.1.9a (3.1.9a)
\pgfnodeparttextbox=\box61
)
(/Users/admin/Library/Application Support/MiKTeX/texmfs/install/tex/generic/pgf
/modules/pgfmoduleplot.code.tex
File: pgfmoduleplot.code.tex 2021/05/15 v3.1.9a (3.1.9a)
)
(/Users/admin/Library/Application Support/MiKTeX/texmfs/install/tex/latex/pgf/c
ompatibility/pgfcomp-version-0-65.sty
Package: pgfcomp-version-0-65 2021/05/15 v3.1.9a (3.1.9a)
\pgf@nodesepstart=\dimen193
\pgf@nodesepend=\dimen194
)
(/Users/admin/Library/Application Support/MiKTeX/texmfs/install/tex/latex/pgf/c
ompatibility/pgfcomp-version-1-18.sty
Package: pgfcomp-version-1-18 2021/05/15 v3.1.9a (3.1.9a)
))
(/Users/admin/Library/Application Support/MiKTeX/texmfs/install/tex/latex/pgf/u
tilities/pgffor.sty
(/Users/admin/Library/Application Support/MiKTeX/texmfs/install/tex/latex/pgf/u
tilities/pgfkeys.sty
(/Users/admin/Library/Application Support/MiKTeX/texmfs/install/tex/generic/pgf
/utilities/pgfkeys.code.tex))
(/Users/admin/Library/Application Support/MiKTeX/texmfs/install/tex/latex/pgf/m
ath/pgfmath.sty
(/Users/admin/Library/Application Support/MiKTeX/texmfs/install/tex/generic/pgf
/math/pgfmath.code.tex))
(/Users/admin/Library/Application Support/MiKTeX/texmfs/install/tex/generic/pgf
/utilities/pgffor.code.tex
Package: pgffor 2021/05/15 v3.1.9a (3.1.9a)

(/Users/admin/Library/Application Support/MiKTeX/texmfs/install/tex/generic/pgf
/math/pgfmath.code.tex)
\pgffor@iter=\dimen195
\pgffor@skip=\dimen196
\pgffor@stack=\toks37
\pgffor@toks=\toks38
))
(/Users/admin/Library/Application Support/MiKTeX/texmfs/install/tex/generic/pgf
/frontendlayer/tikz/tikz.code.tex
Package: tikz 2021/05/15 v3.1.9a (3.1.9a)

(/Users/admin/Library/Application Support/MiKTeX/texmfs/install/tex/generic/pgf
/libraries/pgflibraryplothandlers.code.tex
File: pgflibraryplothandlers.code.tex 2021/05/15 v3.1.9a (3.1.9a)
\pgf@plot@mark@count=\count287
\pgfplotmarksize=\dimen197
)
\tikz@lastx=\dimen198
\tikz@lasty=\dimen199
\tikz@lastxsaved=\dimen256
\tikz@lastysaved=\dimen257
\tikz@lastmovetox=\dimen258
\tikz@lastmovetoy=\dimen259
\tikzleveldistance=\dimen260
\tikzsiblingdistance=\dimen261
\tikz@figbox=\box62
\tikz@figbox@bg=\box63
\tikz@tempbox=\box64
\tikz@tempbox@bg=\box65
\tikztreelevel=\count288
\tikznumberofchildren=\count289
\tikznumberofcurrentchild=\count290
\tikz@fig@count=\count291

(/Users/admin/Library/Application Support/MiKTeX/texmfs/install/tex/generic/pgf
/modules/pgfmodulematrix.code.tex
File: pgfmodulematrix.code.tex 2021/05/15 v3.1.9a (3.1.9a)
\pgfmatrixcurrentrow=\count292
\pgfmatrixcurrentcolumn=\count293
\pgf@matrix@numberofcolumns=\count294
)
\tikz@expandcount=\count295

(/Users/admin/Library/Application Support/MiKTeX/texmfs/install/tex/generic/pgf
/frontendlayer/tikz/libraries/tikzlibrarytopaths.code.tex
File: tikzlibrarytopaths.code.tex 2021/05/15 v3.1.9a (3.1.9a)
)))
(/Users/admin/Library/Application Support/MiKTeX/texmfs/install/tex/latex/mdfra
med/mdframed.sty
Package: mdframed 2013/07/01 1.9b: mdframed

(/Users/admin/Library/Application Support/MiKTeX/texmfs/install/tex/latex/kvopt
ions/kvoptions.sty
Package: kvoptions 2022-06-15 v3.15 Key value format for package options (HO)

(/Users/admin/Library/Application Support/MiKTeX/texmfs/install/tex/generic/ltx
cmds/ltxcmds.sty
Package: ltxcmds 2020-05-10 v1.25 LaTeX kernel commands for general use (HO)
)
(/Users/admin/Library/Application Support/MiKTeX/texmfs/install/tex/latex/kvset
keys/kvsetkeys.sty
Package: kvsetkeys 2022-10-05 v1.19 Key value parser (HO)
))
(/Users/admin/Library/Application Support/MiKTeX/texmfs/install/tex/latex/l3pac
kages/xparse/xparse.sty
(/Users/admin/Library/Application Support/MiKTeX/texmfs/install/tex/latex/l3ker
nel/expl3.sty
Package: expl3 2022-12-17 L3 programming layer (loader) 

(/Users/admin/Library/Application Support/MiKTeX/texmfs/install/tex/latex/l3bac
kend/l3backend-pdftex.def
File: l3backend-pdftex.def 2022-10-26 L3 backend support: PDF output (pdfTeX)
\l__color_backend_stack_int=\count296
\l__pdf_internal_box=\box66
))
Package: xparse 2022-12-17 L3 Experimental document command parser
)
(/Users/admin/Library/Application Support/MiKTeX/texmfs/install/tex/latex/etool
box/etoolbox.sty
Package: etoolbox 2020/10/05 v2.5k e-TeX tools for LaTeX (JAW)
\etb@tempcnta=\count297
)
(/Users/admin/Library/Application Support/MiKTeX/texmfs/install/tex/latex/zref/
zref-abspage.sty
Package: zref-abspage 2022-04-07 v2.34 Module abspage for zref (HO)

(/Users/admin/Library/Application Support/MiKTeX/texmfs/install/tex/latex/zref/
zref-base.sty
Package: zref-base 2022-04-07 v2.34 Module base for zref (HO)

(/Users/admin/Library/Application Support/MiKTeX/texmfs/install/tex/generic/inf
warerr/infwarerr.sty
Package: infwarerr 2019/12/03 v1.5 Providing info/warning/error messages (HO)
)
(/Users/admin/Library/Application Support/MiKTeX/texmfs/install/tex/generic/kvd
efinekeys/kvdefinekeys.sty
Package: kvdefinekeys 2019-12-19 v1.6 Define keys (HO)
)
(/Users/admin/Library/Application Support/MiKTeX/texmfs/install/tex/generic/pdf
texcmds/pdftexcmds.sty
Package: pdftexcmds 2020-06-27 v0.33 Utility functions of pdfTeX for LuaTeX (HO
)
Package pdftexcmds Info: \pdf@primitive is available.
Package pdftexcmds Info: \pdf@ifprimitive is available.
Package pdftexcmds Info: \pdfdraftmode found.
)
(/Users/admin/Library/Application Support/MiKTeX/texmfs/install/tex/generic/ete
xcmds/etexcmds.sty
Package: etexcmds 2019/12/15 v1.7 Avoid name clashes with e-TeX commands (HO)
)
(/Users/admin/Library/Application Support/MiKTeX/texmfs/install/tex/latex/auxho
ok/auxhook.sty
Package: auxhook 2019-12-17 v1.6 Hooks for auxiliary files (HO)
)
Package zref Info: New property list: main on input line 767.
Package zref Info: New property: default on input line 768.
Package zref Info: New property: page on input line 769.
)
(/Users/admin/Library/Application Support/MiKTeX/texmfs/install/tex/latex/base/
atbegshi-ltx.sty
Package: atbegshi-ltx 2021/01/10 v1.0c Emulation of the original atbegshi
package with kernel methods
)
\c@abspage=\count298
Package zref Info: New property: abspage on input line 65.
)
(/Users/admin/Library/Application Support/MiKTeX/texmfs/install/tex/latex/needs
pace/needspace.sty
Package: needspace 2010/09/12 v1.3d reserve vertical space
)
\mdf@templength=\skip61
\c@mdf@globalstyle@cnt=\count299
\mdf@skipabove@length=\skip62
\mdf@skipbelow@length=\skip63
\mdf@leftmargin@length=\skip64
\mdf@rightmargin@length=\skip65
\mdf@innerleftmargin@length=\skip66
\mdf@innerrightmargin@length=\skip67
\mdf@innertopmargin@length=\skip68
\mdf@innerbottommargin@length=\skip69
\mdf@splittopskip@length=\skip70
\mdf@splitbottomskip@length=\skip71
\mdf@outermargin@length=\skip72
\mdf@innermargin@length=\skip73
\mdf@linewidth@length=\skip74
\mdf@innerlinewidth@length=\skip75
\mdf@middlelinewidth@length=\skip76
\mdf@outerlinewidth@length=\skip77
\mdf@roundcorner@length=\skip78
\mdf@footenotedistance@length=\skip79
\mdf@userdefinedwidth@length=\skip80
\mdf@needspace@length=\skip81
\mdf@frametitleaboveskip@length=\skip82
\mdf@frametitlebelowskip@length=\skip83
\mdf@frametitlerulewidth@length=\skip84
\mdf@frametitleleftmargin@length=\skip85
\mdf@frametitlerightmargin@length=\skip86
\mdf@shadowsize@length=\skip87
\mdf@extratopheight@length=\skip88
\mdf@subtitleabovelinewidth@length=\skip89
\mdf@subtitlebelowlinewidth@length=\skip90
\mdf@subtitleaboveskip@length=\skip91
\mdf@subtitlebelowskip@length=\skip92
\mdf@subtitleinneraboveskip@length=\skip93
\mdf@subtitleinnerbelowskip@length=\skip94
\mdf@subsubtitleabovelinewidth@length=\skip95
\mdf@subsubtitlebelowlinewidth@length=\skip96
\mdf@subsubtitleaboveskip@length=\skip97
\mdf@subsubtitlebelowskip@length=\skip98
\mdf@subsubtitleinneraboveskip@length=\skip99
\mdf@subsubtitleinnerbelowskip@length=\skip100

(/Users/admin/Library/Application Support/MiKTeX/texmfs/install/tex/latex/mdfra
med/md-frame-1.mdf
File: md-frame-1.mdf 2013/07/01\ 1.9b: md-frame-1
)
\mdf@frametitlebox=\box67
\mdf@footnotebox=\box68
\mdf@splitbox@one=\box69
\mdf@splitbox@two=\box70
\mdf@splitbox@save=\box71
\mdfsplitboxwidth=\skip101
\mdfsplitboxtotalwidth=\skip102
\mdfsplitboxheight=\skip103
\mdfsplitboxdepth=\skip104
\mdfsplitboxtotalheight=\skip105
\mdfframetitleboxwidth=\skip106
\mdfframetitleboxtotalwidth=\skip107
\mdfframetitleboxheight=\skip108
\mdfframetitleboxdepth=\skip109
\mdfframetitleboxtotalheight=\skip110
\mdffootnoteboxwidth=\skip111
\mdffootnoteboxtotalwidth=\skip112
\mdffootnoteboxheight=\skip113
\mdffootnoteboxdepth=\skip114
\mdffootnoteboxtotalheight=\skip115
\mdftotallinewidth=\skip116
\mdfboundingboxwidth=\skip117
\mdfboundingboxtotalwidth=\skip118
\mdfboundingboxheight=\skip119
\mdfboundingboxdepth=\skip120
\mdfboundingboxtotalheight=\skip121
\mdf@freevspace@length=\skip122
\mdf@horizontalwidthofbox@length=\skip123
\mdf@verticalmarginwhole@length=\skip124
\mdf@horizontalspaceofbox=\skip125
\mdfsubtitleheight=\skip126
\mdfsubsubtitleheight=\skip127
\c@mdfcountframes=\count300

****** mdframed patching \endmdf@trivlist

****** -- success******

\mdf@envdepth=\count301
\c@mdf@env@i=\count302
\c@mdf@env@ii=\count303
\c@mdf@zref@counter=\count304
Package zref Info: New property: mdf@pagevalue on input line 895.
)
(/Users/admin/Library/Application Support/MiKTeX/texmfs/install/tex/generic/pgf
/frontendlayer/tikz/libraries/tikzlibraryshadows.code.tex
File: tikzlibraryshadows.code.tex 2021/05/15 v3.1.9a (3.1.9a)

(/Users/admin/Library/Application Support/MiKTeX/texmfs/install/tex/generic/pgf
/frontendlayer/tikz/libraries/tikzlibraryfadings.code.tex
File: tikzlibraryfadings.code.tex 2021/05/15 v3.1.9a (3.1.9a)

(/Users/admin/Library/Application Support/MiKTeX/texmfs/install/tex/generic/pgf
/libraries/pgflibraryfadings.code.tex
File: pgflibraryfadings.code.tex 2021/05/15 v3.1.9a (3.1.9a)
)))
(/Users/admin/Library/Application Support/MiKTeX/texmfs/install/tex/generic/pgf
/frontendlayer/tikz/libraries/tikzlibrarydecorations.pathmorphing.code.tex
(/Users/admin/Library/Application Support/MiKTeX/texmfs/install/tex/generic/pgf
/frontendlayer/tikz/libraries/tikzlibrarydecorations.code.tex
(/Users/admin/Library/Application Support/MiKTeX/texmfs/install/tex/generic/pgf
/modules/pgfmoduledecorations.code.tex
\pgfdecoratedcompleteddistance=\dimen262
\pgfdecoratedremainingdistance=\dimen263
\pgfdecoratedinputsegmentcompleteddistance=\dimen264
\pgfdecoratedinputsegmentremainingdistance=\dimen265
\pgf@decorate@distancetomove=\dimen266
\pgf@decorate@repeatstate=\count305
\pgfdecorationsegmentamplitude=\dimen267
\pgfdecorationsegmentlength=\dimen268
)
\tikz@lib@dec@box=\box72
)
(/Users/admin/Library/Application Support/MiKTeX/texmfs/install/tex/generic/pgf
/libraries/decorations/pgflibrarydecorations.pathmorphing.code.tex))
(/Users/admin/Library/Application Support/MiKTeX/texmfs/install/tex/generic/ift
ex/ifpdf.sty
Package: ifpdf 2019/10/25 v3.4 ifpdf legacy package. Use iftex instead.
)
\c@bclogocompteur=\count306
\bcval@epBarre=\skip128
\bcval@framesep=\skip129
\bcval@tailleOndu=\skip130
\bcval@borderWidth=\skip131
\bcval@margeG=\skip132
\bcval@margeD=\skip133
\bc@envbox=\box73
)
(/Library/Application Support/MiKTeX/texmfs/install/tex/latex/tkz-tab.sty
Package: tkz-tab 2019/01/19 v1.4e variations (ctan version) 

(/Users/admin/Library/Application Support/MiKTeX/texmfs/install/tex/generic/pgf
/frontendlayer/tikz/libraries/tikzlibraryarrows.code.tex
File: tikzlibraryarrows.code.tex 2021/05/15 v3.1.9a (3.1.9a)

(/Users/admin/Library/Application Support/MiKTeX/texmfs/install/tex/generic/pgf
/libraries/pgflibraryarrows.code.tex
File: pgflibraryarrows.code.tex 2021/05/15 v3.1.9a (3.1.9a)
\arrowsize=\dimen269
))
(/Users/admin/Library/Application Support/MiKTeX/texmfs/install/tex/generic/pgf
/frontendlayer/tikz/libraries/tikzlibrarypatterns.code.tex
File: tikzlibrarypatterns.code.tex 2021/05/15 v3.1.9a (3.1.9a)

(/Users/admin/Library/Application Support/MiKTeX/texmfs/install/tex/generic/pgf
/libraries/pgflibrarypatterns.code.tex
File: pgflibrarypatterns.code.tex 2021/05/15 v3.1.9a (3.1.9a)
))
\tkz@XF=\dimen270
\tkz@YF=\dimen271
\c@tkz@cnt@line=\count307
\c@tkz@cnt@lg=\count308
\c@tkz@cnt@cl=\count309
\c@tkz@cnt@pred=\count310
\c@tkz@cnt@temp=\count311
\c@tkz@cnt@arrow=\count312
\c@tkz@cnt@zone=\count313
\c@tkz@cnt@lgnext=\count314
\c@tkz@cnt@clnext=\count315
\c@tkz@cnt@pair=\count316
\c@tkz@cnt@impair=\count317
\c@tkz@cnt@aw=\count318
)
(/Users/admin/Library/Application Support/MiKTeX/texmfs/install/tex/latex/tkz-l
inknodes.sty
Package: tkz-linknodes 2018/09/03 v1.1d tkz-linknodes
\p@intx=\dimen272
\p@inty=\dimen273
\p@intCx=\dimen274
\p@intCy=\dimen275
\p@intNx=\dimen276
\p@intNy=\dimen277
\c@C@NumTab=\count319
\c@C@NumGroup=\count320
\c@C@NextNode=\count321
\c@NumC@Node=\count322
\c@NumC@Stop=\count323
\c@C@CurrentStop=\count324
\c@C@CurrentNode=\count325
\c@C@CurrentGroup=\count326
)
(/Library/Application Support/MiKTeX/texmfs/install/tex/latex/venndiagram/vennd
iagram.sty
Package: venndiagram 2018/06/07 v1.2 (NLCT) Venn diagrams
\@venn@Ax=\skip134
\@venn@Ay=\skip135
\@venn@Bx=\skip136
\@venn@By=\skip137
\@venn@Cx=\skip138
\@venn@Cy=\skip139
\@venn@w=\skip140
\@venn@h=\skip141
\@venn@intersect@i@x=\skip142
\@venn@intersect@i@y=\skip143
\@venn@intersect@ii@x=\skip144
\@venn@intersect@ii@y=\skip145
)
(/Users/admin/Library/Application Support/MiKTeX/texmfs/install/tex/generic/pgf
/frontendlayer/tikz/libraries/tikzlibrarycalc.code.tex
File: tikzlibrarycalc.code.tex 2021/05/15 v3.1.9a (3.1.9a)
)
(/Users/admin/Library/Application Support/MiKTeX/texmfs/install/tex/generic/pgf
/frontendlayer/tikz/libraries/tikzlibraryintersections.code.tex
(/Users/admin/Library/Application Support/MiKTeX/texmfs/install/tex/generic/pgf
/libraries/pgflibraryintersections.code.tex
(/Users/admin/Library/Application Support/MiKTeX/texmfs/install/tex/generic/pgf
/libraries/pgflibraryfpu.code.tex)
\pgf@intersect@solutions=\count327
))
(/Users/admin/Library/Application Support/MiKTeX/texmfs/install/tex/generic/pgf
/frontendlayer/tikz/libraries/tikzlibraryangles.code.tex
File: tikzlibraryangles.code.tex 2021/05/15 v3.1.9a (3.1.9a)
)
(/Users/admin/Library/Application Support/MiKTeX/texmfs/install/tex/generic/pgf
/frontendlayer/tikz/libraries/tikzlibrarysnakes.code.tex
File: tikzlibrarysnakes.code.tex 2021/05/15 v3.1.9a (3.1.9a)


Package pgf Warning: Snakes have been superseded by decorations. Please use the
 decoration libraries instead of the snakes library on input line 14.


(/Users/admin/Library/Application Support/MiKTeX/texmfs/install/tex/generic/pgf
/frontendlayer/tikz/libraries/tikzlibrarydecorations.pathreplacing.code.tex
(/Users/admin/Library/Application Support/MiKTeX/texmfs/install/tex/generic/pgf
/libraries/decorations/pgflibrarydecorations.pathreplacing.code.tex))
(/Users/admin/Library/Application Support/MiKTeX/texmfs/install/tex/generic/pgf
/frontendlayer/tikz/libraries/tikzlibrarydecorations.shapes.code.tex
(/Users/admin/Library/Application Support/MiKTeX/texmfs/install/tex/generic/pgf
/libraries/decorations/pgflibrarydecorations.shapes.code.tex)))
(/Users/admin/Library/Application Support/MiKTeX/texmfs/install/tex/generic/pgf
/frontendlayer/tikz/libraries/tikzlibraryquotes.code.tex
File: tikzlibraryquotes.code.tex 2021/05/15 v3.1.9a (3.1.9a)
)
(/Users/admin/Library/Application Support/MiKTeX/texmfs/install/tex/generic/pgf
/frontendlayer/tikz/libraries/tikzlibrarypositioning.code.tex
File: tikzlibrarypositioning.code.tex 2021/05/15 v3.1.9a (3.1.9a)
)
(/Users/admin/Library/Application Support/MiKTeX/texmfs/install/tex/generic/pgf
/frontendlayer/tikz/libraries/tikzlibrarybackgrounds.code.tex
File: tikzlibrarybackgrounds.code.tex 2021/05/15 v3.1.9a (3.1.9a)
\pgf@layerbox@background=\box74
\pgf@layerboxsaved@background=\box75
)
(/Users/admin/Library/Application Support/MiKTeX/texmfs/install/tex/latex/geome
try/geometry.sty
Package: geometry 2020/01/02 v5.9 Page Geometry

(/Users/admin/Library/Application Support/MiKTeX/texmfs/install/tex/generic/ift
ex/ifvtex.sty
Package: ifvtex 2019/10/25 v1.7 ifvtex legacy package. Use iftex instead.
)
\Gm@cnth=\count328
\Gm@cntv=\count329
\c@Gm@tempcnt=\count330
\Gm@bindingoffset=\dimen278
\Gm@wd@mp=\dimen279
\Gm@odd@mp=\dimen280
\Gm@even@mp=\dimen281
\Gm@layoutwidth=\dimen282
\Gm@layoutheight=\dimen283
\Gm@layouthoffset=\dimen284
\Gm@layoutvoffset=\dimen285
\Gm@dimlist=\toks39

(/Users/admin/Library/Application Support/MiKTeX/texmfs/install/tex/latex/geome
try/geometry.cfg))
(/Users/admin/Library/Application Support/MiKTeX/texmfs/install/tex/latex/hyper
ref/hyperref.sty
Package: hyperref 2022-11-13 v7.00u Hypertext links for LaTeX

(/Users/admin/Library/Application Support/MiKTeX/texmfs/install/tex/generic/pdf
escape/pdfescape.sty
Package: pdfescape 2019/12/09 v1.15 Implements pdfTeX's escape features (HO)
)
(/Users/admin/Library/Application Support/MiKTeX/texmfs/install/tex/latex/hycol
or/hycolor.sty
Package: hycolor 2020-01-27 v1.10 Color options for hyperref/bookmark (HO)
)
(/Users/admin/Library/Application Support/MiKTeX/texmfs/install/tex/latex/letlt
xmacro/letltxmacro.sty
Package: letltxmacro 2019/12/03 v1.6 Let assignment for LaTeX macros (HO)
)
(/Users/admin/Library/Application Support/MiKTeX/texmfs/install/tex/latex/hyper
ref/nameref.sty
Package: nameref 2022-05-17 v2.50 Cross-referencing by name of section

(/Users/admin/Library/Application Support/MiKTeX/texmfs/install/tex/latex/refco
unt/refcount.sty
Package: refcount 2019/12/15 v3.6 Data extraction from label references (HO)
)
(/Users/admin/Library/Application Support/MiKTeX/texmfs/install/tex/generic/get
titlestring/gettitlestring.sty
Package: gettitlestring 2019/12/15 v1.6 Cleanup title references (HO)
)
\c@section@level=\count331
)
\@linkdim=\dimen286
\Hy@linkcounter=\count332
\Hy@pagecounter=\count333

(/Users/admin/Library/Application Support/MiKTeX/texmfs/install/tex/latex/hyper
ref/pd1enc.def
File: pd1enc.def 2022-11-13 v7.00u Hyperref: PDFDocEncoding definition (HO)
Now handling font encoding PD1 ...
... no UTF-8 mapping file for font encoding PD1
)
(/Users/admin/Library/Application Support/MiKTeX/texmfs/install/tex/generic/int
calc/intcalc.sty
Package: intcalc 2019/12/15 v1.3 Expandable calculations with integers (HO)
)
\Hy@SavedSpaceFactor=\count334

(/Users/admin/Library/Application Support/MiKTeX/texmfs/install/tex/latex/hyper
ref/puenc.def
File: puenc.def 2022-11-13 v7.00u Hyperref: PDF Unicode definition (HO)
Now handling font encoding PU ...
... no UTF-8 mapping file for font encoding PU
)
Package hyperref Info: Option `unicode' set `true' on input line 4045.
Package hyperref Info: Hyper figures OFF on input line 4162.
Package hyperref Info: Link nesting OFF on input line 4167.
Package hyperref Info: Hyper index ON on input line 4170.
Package hyperref Info: Plain pages OFF on input line 4177.
Package hyperref Info: Backreferencing OFF on input line 4182.
Package hyperref Info: Implicit mode ON; LaTeX internals redefined.
Package hyperref Info: Bookmarks ON on input line 4410.
\c@Hy@tempcnt=\count335

(/Users/admin/Library/Application Support/MiKTeX/texmfs/install/tex/latex/url/u
rl.sty
\Urlmuskip=\muskip17
Package: url 2013/09/16  ver 3.4  Verb mode for urls, etc.
)
LaTeX Info: Redefining \url on input line 4748.
\XeTeXLinkMargin=\dimen287

(/Users/admin/Library/Application Support/MiKTeX/texmfs/install/tex/generic/bit
set/bitset.sty
Package: bitset 2019/12/09 v1.3 Handle bit-vector datatype (HO)

(/Users/admin/Library/Application Support/MiKTeX/texmfs/install/tex/generic/big
intcalc/bigintcalc.sty
Package: bigintcalc 2019/12/15 v1.5 Expandable calculations on big integers (HO
)
))
\Fld@menulength=\count336
\Field@Width=\dimen288
\Fld@charsize=\dimen289
Package hyperref Info: Hyper figures OFF on input line 6027.
Package hyperref Info: Link nesting OFF on input line 6032.
Package hyperref Info: Hyper index ON on input line 6035.
Package hyperref Info: backreferencing OFF on input line 6042.
Package hyperref Info: Link coloring OFF on input line 6047.
Package hyperref Info: Link coloring with OCG OFF on input line 6052.
Package hyperref Info: PDF/A mode OFF on input line 6057.
\Hy@abspage=\count337
\c@Item=\count338
\c@Hfootnote=\count339
)
Package hyperref Info: Driver (autodetected): hpdftex.

(/Users/admin/Library/Application Support/MiKTeX/texmfs/install/tex/latex/hyper
ref/hpdftex.def
File: hpdftex.def 2022-11-13 v7.00u Hyperref driver for pdfTeX

(/Users/admin/Library/Application Support/MiKTeX/texmfs/install/tex/latex/base/
atveryend-ltx.sty
Package: atveryend-ltx 2020/08/19 v1.0a Emulation of the original atveryend pac
kage
with kernel methods
)
\HyAnn@Count=\count340
\Fld@listcount=\count341
\c@bookmark@seq@number=\count342

(/Users/admin/Library/Application Support/MiKTeX/texmfs/install/tex/latex/rerun
filecheck/rerunfilecheck.sty
Package: rerunfilecheck 2022-07-10 v1.10 Rerun checks for auxiliary files (HO)

(/Users/admin/Library/Application Support/MiKTeX/texmfs/install/tex/generic/uni
quecounter/uniquecounter.sty
Package: uniquecounter 2019/12/15 v1.4 Provide unlimited unique counter (HO)
)
Package uniquecounter Info: New unique counter `rerunfilecheck' on input line 2
85.
)
\Hy@SectionHShift=\skip146
)
(/Library/Application Support/MiKTeX/texmfs/install/tex/latex/currfile/currfile
.sty
Package: currfile 2020/09/29 v0.7d Provides the file path elements of the curre
nt input file

(/Users/admin/Library/Application Support/MiKTeX/texmfs/install/tex/latex/fileh
ook/filehook.sty
Package: filehook 2022/10/25 v0.8b Hooks for input files

(/Users/admin/Library/Application Support/MiKTeX/texmfs/install/tex/latex/fileh
ook/filehook-2020.sty
Package: filehook-2020 2022/10/25 v0.8b Hooks for input files
))
\c@currfiledepth=\count343
) (ex_test.sty
Package: ex_test 17/07/2019 for Ex_test version 2.4.5, Tran Anh Tuan

(/Users/admin/Library/Application Support/MiKTeX/texmfs/install/tex/latex/tools
/multicol.sty
Package: multicol 2021/11/30 v1.9d multicolumn formatting (FMi)
\c@tracingmulticols=\count344
\mult@box=\box76
\multicol@leftmargin=\dimen290
\c@unbalance=\count345
\c@collectmore=\count346
\doublecol@number=\count347
\multicoltolerance=\count348
\multicolpretolerance=\count349
\full@width=\dimen291
\page@free=\dimen292
\premulticols=\dimen293
\postmulticols=\dimen294
\multicolsep=\skip147
\multicolbaselineskip=\skip148
\partial@page=\box77
\last@line=\box78
\maxbalancingoverflow=\dimen295
\mult@rightbox=\box79
\mult@grightbox=\box80
\mult@firstbox=\box81
\mult@gfirstbox=\box82
\@tempa=\box83
\@tempa=\box84
\@tempa=\box85
\@tempa=\box86
\@tempa=\box87
\@tempa=\box88
\@tempa=\box89
\@tempa=\box90
\@tempa=\box91
\@tempa=\box92
\@tempa=\box93
\@tempa=\box94
\@tempa=\box95
\@tempa=\box96
\@tempa=\box97
\@tempa=\box98
\@tempa=\box99
\@tempa=\box100
\@tempa=\box101
\@tempa=\box102
\@tempa=\box103
\@tempa=\box104
\@tempa=\box105
\@tempa=\box106
\@tempa=\box107
\@tempa=\box108
\@tempa=\box109
\@tempa=\box110
\@tempa=\box111
\@tempa=\box112
\@tempa=\box113
\@tempa=\box114
\@tempa=\box115
\@tempa=\box116
\@tempa=\box117
\@tempa=\box118
\c@minrows=\count350
\c@columnbadness=\count351
\c@finalcolumnbadness=\count352
\last@try=\dimen296
\multicolovershoot=\dimen297
\multicolundershoot=\dimen298
\mult@nat@firstbox=\box119
\colbreak@box=\box120
\mc@col@check@num=\count353
)
(/Users/admin/Library/Application Support/MiKTeX/texmfs/install/tex/latex/answe
rs/answers.sty
Package: answers 2014/08/24 v2.16 Production of solution sheets in LaTeX2e

(/Users/admin/Library/Application Support/MiKTeX/texmfs/install/tex/latex/tools
/verbatim.sty
Package: verbatim 2020-07-07 v1.5u LaTeX2e package for verbatim enhancements
\every@verbatim=\toks40
\verbatim@line=\toks41
\verbatim@in@stream=\read3
))
(/Users/admin/Library/Application Support/MiKTeX/texmfs/install/tex/latex/tools
/longtable.sty
Package: longtable 2021-09-01 v4.17 Multi-page Table package (DPC)
\LTleft=\skip149
\LTright=\skip150
\LTpre=\skip151
\LTpost=\skip152
\LTchunksize=\count354
\LTcapwidth=\dimen299
\LT@head=\box121
\LT@firsthead=\box122
\LT@foot=\box123
\LT@lastfoot=\box124
\LT@gbox=\box125
\LT@cols=\count355
\LT@rows=\count356
\c@LT@tables=\count357
\c@LT@chunks=\count358
\LT@p@ftn=\toks42
)
(/Users/admin/Library/Application Support/MiKTeX/texmfs/install/tex/latex/vntex
/vietnam.sty
Package: vietnam 2009/07/12 v1.3 support for Vietnamese

(/Users/admin/Library/Application Support/MiKTeX/texmfs/install/tex/latex/base/
fontenc.sty
Package: fontenc 2021/04/29 v2.0v Standard LaTeX package

(/Users/admin/Library/Application Support/MiKTeX/texmfs/install/tex/latex/vntex
/t5enc.def
File: t5enc.def 2006/11/21 v1.4 Vietnamese T5 encoding
Now handling font encoding T5 ...
... processing UTF-8 mapping file for font encoding T5

(/Users/admin/Library/Application Support/MiKTeX/texmfs/install/tex/latex/vntex
/t5enc.dfu
File: t5enc.dfu 2006/08/19 v1.1 UTF8 support for Vietnamese
   defining Unicode char U+00AB (decimal 171)
   defining Unicode char U+00BB (decimal 187)
   defining Unicode char U+00C0 (decimal 192)
   defining Unicode char U+00C1 (decimal 193)
   defining Unicode char U+00C2 (decimal 194)
   defining Unicode char U+00C3 (decimal 195)
   defining Unicode char U+00C8 (decimal 200)
   defining Unicode char U+00C9 (decimal 201)
   defining Unicode char U+00CA (decimal 202)
   defining Unicode char U+00CC (decimal 204)
   defining Unicode char U+00CD (decimal 205)
   defining Unicode char U+00D2 (decimal 210)
   defining Unicode char U+00D3 (decimal 211)
   defining Unicode char U+00D4 (decimal 212)
   defining Unicode char U+00D5 (decimal 213)
   defining Unicode char U+00D9 (decimal 217)
   defining Unicode char U+00DA (decimal 218)
   defining Unicode char U+00DD (decimal 221)
   defining Unicode char U+00E0 (decimal 224)
   defining Unicode char U+00E1 (decimal 225)
   defining Unicode char U+00E2 (decimal 226)
   defining Unicode char U+00E3 (decimal 227)
   defining Unicode char U+00E8 (decimal 232)
   defining Unicode char U+00E9 (decimal 233)
   defining Unicode char U+00EA (decimal 234)
   defining Unicode char U+00EC (decimal 236)
   defining Unicode char U+00ED (decimal 237)
   defining Unicode char U+00F2 (decimal 242)
   defining Unicode char U+00F3 (decimal 243)
   defining Unicode char U+00F4 (decimal 244)
   defining Unicode char U+00F5 (decimal 245)
   defining Unicode char U+00F9 (decimal 249)
   defining Unicode char U+00FA (decimal 250)
   defining Unicode char U+00FD (decimal 253)
   defining Unicode char U+0102 (decimal 258)
   defining Unicode char U+0103 (decimal 259)
   defining Unicode char U+0110 (decimal 272)
   defining Unicode char U+0111 (decimal 273)
   defining Unicode char U+0128 (decimal 296)
   defining Unicode char U+0129 (decimal 297)
   defining Unicode char U+0131 (decimal 305)
   defining Unicode char U+0168 (decimal 360)
   defining Unicode char U+0169 (decimal 361)
   defining Unicode char U+01A0 (decimal 416)
   defining Unicode char U+01A1 (decimal 417)
   defining Unicode char U+01AF (decimal 431)
   defining Unicode char U+01B0 (decimal 432)
   defining Unicode char U+1EA0 (decimal 7840)
   defining Unicode char U+1EA1 (decimal 7841)
   defining Unicode char U+1EA2 (decimal 7842)
   defining Unicode char U+1EA3 (decimal 7843)
   defining Unicode char U+1EA4 (decimal 7844)
   defining Unicode char U+1EA5 (decimal 7845)
   defining Unicode char U+1EA6 (decimal 7846)
   defining Unicode char U+1EA7 (decimal 7847)
   defining Unicode char U+1EA8 (decimal 7848)
   defining Unicode char U+1EA9 (decimal 7849)
   defining Unicode char U+1EAA (decimal 7850)
   defining Unicode char U+1EAB (decimal 7851)
   defining Unicode char U+1EAC (decimal 7852)
   defining Unicode char U+1EAD (decimal 7853)
   defining Unicode char U+1EAE (decimal 7854)
   defining Unicode char U+1EAF (decimal 7855)
   defining Unicode char U+1EB0 (decimal 7856)
   defining Unicode char U+1EB1 (decimal 7857)
   defining Unicode char U+1EB2 (decimal 7858)
   defining Unicode char U+1EB3 (decimal 7859)
   defining Unicode char U+1EB4 (decimal 7860)
   defining Unicode char U+1EB5 (decimal 7861)
   defining Unicode char U+1EB6 (decimal 7862)
   defining Unicode char U+1EB7 (decimal 7863)
   defining Unicode char U+1EB8 (decimal 7864)
   defining Unicode char U+1EB9 (decimal 7865)
   defining Unicode char U+1EBA (decimal 7866)
   defining Unicode char U+1EBB (decimal 7867)
   defining Unicode char U+1EBC (decimal 7868)
   defining Unicode char U+1EBD (decimal 7869)
   defining Unicode char U+1EBE (decimal 7870)
   defining Unicode char U+1EBF (decimal 7871)
   defining Unicode char U+1EC0 (decimal 7872)
   defining Unicode char U+1EC1 (decimal 7873)
   defining Unicode char U+1EC2 (decimal 7874)
   defining Unicode char U+1EC3 (decimal 7875)
   defining Unicode char U+1EC4 (decimal 7876)
   defining Unicode char U+1EC5 (decimal 7877)
   defining Unicode char U+1EC6 (decimal 7878)
   defining Unicode char U+1EC7 (decimal 7879)
   defining Unicode char U+1EC8 (decimal 7880)
   defining Unicode char U+1EC9 (decimal 7881)
   defining Unicode char U+1ECA (decimal 7882)
   defining Unicode char U+1ECB (decimal 7883)
   defining Unicode char U+1ECC (decimal 7884)
   defining Unicode char U+1ECD (decimal 7885)
   defining Unicode char U+1ECE (decimal 7886)
   defining Unicode char U+1ECF (decimal 7887)
   defining Unicode char U+1ED0 (decimal 7888)
   defining Unicode char U+1ED1 (decimal 7889)
   defining Unicode char U+1ED2 (decimal 7890)
   defining Unicode char U+1ED3 (decimal 7891)
   defining Unicode char U+1ED4 (decimal 7892)
   defining Unicode char U+1ED5 (decimal 7893)
   defining Unicode char U+1ED6 (decimal 7894)
   defining Unicode char U+1ED7 (decimal 7895)
   defining Unicode char U+1ED8 (decimal 7896)
   defining Unicode char U+1ED9 (decimal 7897)
   defining Unicode char U+1EDA (decimal 7898)
   defining Unicode char U+1EDB (decimal 7899)
   defining Unicode char U+1EDC (decimal 7900)
   defining Unicode char U+1EDD (decimal 7901)
   defining Unicode char U+1EDE (decimal 7902)
   defining Unicode char U+1EDF (decimal 7903)
   defining Unicode char U+1EE0 (decimal 7904)
   defining Unicode char U+1EE1 (decimal 7905)
   defining Unicode char U+1EE2 (decimal 7906)
   defining Unicode char U+1EE3 (decimal 7907)
   defining Unicode char U+1EE4 (decimal 7908)
   defining Unicode char U+1EE5 (decimal 7909)
   defining Unicode char U+1EE6 (decimal 7910)
   defining Unicode char U+1EE7 (decimal 7911)
   defining Unicode char U+1EE8 (decimal 7912)
   defining Unicode char U+1EE9 (decimal 7913)
   defining Unicode char U+1EEA (decimal 7914)
   defining Unicode char U+1EEB (decimal 7915)
   defining Unicode char U+1EEC (decimal 7916)
   defining Unicode char U+1EED (decimal 7917)
   defining Unicode char U+1EEE (decimal 7918)
   defining Unicode char U+1EEF (decimal 7919)
   defining Unicode char U+1EF0 (decimal 7920)
   defining Unicode char U+1EF1 (decimal 7921)
   defining Unicode char U+1EF2 (decimal 7922)
   defining Unicode char U+1EF3 (decimal 7923)
   defining Unicode char U+1EF4 (decimal 7924)
   defining Unicode char U+1EF5 (decimal 7925)
   defining Unicode char U+1EF6 (decimal 7926)
   defining Unicode char U+1EF7 (decimal 7927)
   defining Unicode char U+1EF8 (decimal 7928)
   defining Unicode char U+1EF9 (decimal 7929)
   defining Unicode char U+200C (decimal 8204)
   defining Unicode char U+2013 (decimal 8211)
   defining Unicode char U+2014 (decimal 8212)
   defining Unicode char U+2018 (decimal 8216)
   defining Unicode char U+2019 (decimal 8217)
   defining Unicode char U+201A (decimal 8218)
   defining Unicode char U+201C (decimal 8220)
   defining Unicode char U+201D (decimal 8221)
   defining Unicode char U+201E (decimal 8222)
   defining Unicode char U+2030 (decimal 8240)
   defining Unicode char U+2031 (decimal 8241)
   defining Unicode char U+2039 (decimal 8249)
   defining Unicode char U+203A (decimal 8250)
   defining Unicode char U+2423 (decimal 9251)
))
LaTeX Font Info:    Trying to load font information for T5+cmr on input line 11
2.

(/Users/admin/Library/Application Support/MiKTeX/texmfs/install/tex/latex/vntex
/t5cmr.fd
File: t5cmr.fd 1999/05/25 v2.5h Standard LaTeX font definitions
))
(/Users/admin/Library/Application Support/MiKTeX/texmfs/install/tex/latex/base/
inputenc.sty
Package: inputenc 2021/02/14 v1.3d Input encoding file
\inpenc@prehook=\toks43
\inpenc@posthook=\toks44
)
(/Users/admin/Library/Application Support/MiKTeX/texmfs/install/tex/latex/vntex
/vncaps.tex
File: vncaps.tex 2006/06/07 v1.1 Captions in Vietnamese
))
(/Users/admin/Library/Application Support/MiKTeX/texmfs/install/tex/latex/ntheo
rem/ntheorem.sty
Style `ntheorem', Version 1.33 <2011/08/15>
Package: ntheorem 2011/08/15 1.33
\theorem@style=\toks45
\theorem@@style=\toks46
\theorembodyfont=\toks47
\theoremnumbering=\toks48
\theorempreskipamount=\skip153
\theorempostskipamount=\skip154
\theoremframepreskipamount=\skip155
\theoremframepostskipamount=\skip156
\theoreminframepreskipamount=\skip157
\theoreminframepostskipamount=\skip158
\theorem@preskip=\toks49
\theorem@postskip=\toks50
\theorem@framepreskip=\toks51
\theorem@framepostskip=\toks52
\theorem@inframepreskip=\toks53
\theorem@inframepostskip=\toks54
\theoremindent=\dimen300
\theorem@indent=\dimen301
\theoremrightindent=\dimen302
\theorem@rightindent=\dimen303
\theoremheaderfont=\toks55
\theoremseparator=\toks56
\theoremprework=\toks57
\theorempostwork=\toks58
\theoremsymbol=\toks59
\qedsymbol=\toks60
\theoremkeyword=\toks61
\qedsymbol=\toks62
\thm@topsep=\skip159
\thm@topsepadd=\skip160
)
(/Users/admin/Library/Application Support/MiKTeX/texmfs/install/tex/latex/tools
/calc.sty
Package: calc 2017/05/25 v4.3 Infix arithmetic (KKT,FJ)
\calc@Acount=\count359
\calc@Bcount=\count360
\calc@Adimen=\dimen304
\calc@Bdimen=\dimen305
\calc@Askip=\skip161
\calc@Bskip=\skip162
LaTeX Info: Redefining \setlength on input line 80.
LaTeX Info: Redefining \addtolength on input line 81.
\calc@Ccount=\count361
\calc@Cskip=\skip163
)
(/Users/admin/Library/Application Support/MiKTeX/texmfs/install/tex/latex/probs
oln/probsoln.sty
Package: probsoln 2017/07/10 v3.05 (NLCT)
\probsoln@write=\write4
\probsoln@startyear=\count362
\probsoln@startmonth=\count363
\probsoln@prev=\write5
\probsoln@used=\write6
\probsoln@prev@cutoff=\count364
\@probN=\count365
\@probselN=\count366
\@rndselctr=\count367
\r@ndcur=\count368
\@ps@randtmp=\count369
\@shfctr=\count370
\@shfA=\count371
\@shfB=\count372
\@ps@forrand=\count373
\@ps@forrand@level=\count374
)
(/Users/admin/Library/Application Support/MiKTeX/texmfs/install/tex/latex/picin
par/picinpar.sty
Pictures in Paragraphs. Version 1.2a, July 13, 1993
\br=\count375
\bl=\count376
\na=\count377
\nb=\count378
\tcdsav=\count379
\tcl=\count380
\tcd=\count381
\tcn=\count382
\cumtcl=\count383
\cumpartcl=\count384
\lftside=\dimen306
\rtside=\dimen307
\hpic=\dimen308
\vpic=\dimen309
\strutilg=\dimen310
\picwd=\dimen311
\topheight=\dimen312
\ilg=\dimen313
\lpic=\dimen314
\lwindowsep=\dimen315
\rwindowsep=\dimen316
\cumpar=\dimen317
\twa=\toks63
\la=\toks64
\ra=\toks65
\ha=\toks66
\pictoc=\toks67
\rawtext=\box126
\holder=\box127
\windowbox=\box128
\wartext=\box129
\finaltext=\box130
\aslice=\box131
\bslice=\box132
\wbox=\box133
\wstrutbox=\box134
\picbox=\box135
\waslice=\box136
\wbslice=\box137
\fslice=\box138
)
(/Users/admin/Library/Application Support/MiKTeX/texmfs/install/tex/latex/filec
ontents/filecontents.sty
Package: filecontents 2019/09/20 v1.5 Create an external file from within a LaT
eX document


Package filecontents Warning: This package is obsolete. Disabling it and
(filecontents)                passing control to the filecontents environment
(filecontents)                defined by the LaTeX kernel.

)
(/Users/admin/Library/Application Support/MiKTeX/texmfs/install/tex/latex/eepic
/epic.sty
Enhancements to Picture Environment. Version 1.2 - Released June 1, 1986
\@@multicnt=\count385
\d@lta=\count386
\@delta=\dimen318
\@@delta=\dimen319
\@gridcnt=\count387
\@joinkind=\count388
\@dotgap=\dimen320
\@ddotgap=\dimen321
\@x@diff=\count389
\@y@diff=\count390
\x@diff=\dimen322
\y@diff=\dimen323
\@dotbox=\box139
\num@segments=\count391
\num@segmentsi=\count392
\@datafile=\read4
)
(/Users/admin/Library/Application Support/MiKTeX/texmfs/install/tex/latex/cntfo
rmats/cntformats.sty
Package: cntformats 2014/07/20 v0.7 A different way to read counters. (CN)

(/Users/admin/Library/Application Support/MiKTeX/texmfs/install/tex/latex/cnltx
/cnltx-base.sty
Package: cnltx-base 2019/11/01 v0.15 LaTeX tools and documenting facilities (CN
)

(/Users/admin/Library/Application Support/MiKTeX/texmfs/install/tex/latex/pgfop
ts/pgfopts.sty
Package: pgfopts 2014/07/10 v2.1a LaTeX package options with pgfkeys
\pgfopts@list@add@a@toks=\toks68
\pgfopts@list@add@b@toks=\toks69
)
\c@cnltx@tmpa=\count393
\c@cnltx@tmpb=\count394
\c@cnltx@tmpc=\count395
\cnltx@tmpa@length=\skip164
\cnltx@tmpb@length=\skip165
\cnltx@tmpc@length=\skip166

(/Users/admin/Library/Application Support/MiKTeX/texmfs/install/tex/latex/trims
paces/trimspaces.sty
Package: trimspaces 2009/09/17 v1.1 Trim spaces around a token list
)))
(/Users/admin/Library/Application Support/MiKTeX/texmfs/install/tex/latex/l3pac
kages/xtemplate/xtemplate.sty
Package: xtemplate 2022-12-17 L3 Experimental prototype document functions
\l__xtemplate_tmp_dim=\dimen324
\l__xtemplate_tmp_int=\count396
\l__xtemplate_tmp_muskip=\muskip18
\l__xtemplate_tmp_skip=\skip167
)
(/Users/admin/Library/Application Support/MiKTeX/texmfs/install/tex/latex/envir
on/environ.sty
Package: environ 2014/05/04 v0.3 A new way to define environments
)
\linepar=\dimen325
\paroutindent=\skip168
\lineheight=\skip169
\wsh=\skip170
\hsh=\skip171
\dsh=\skip172
\c@dapan=\count397
\widthalpha=\skip173
\widthalphaT=\skip174
\widthalphaF=\skip175
\c@Solshort=\count398
\c@numTrue=\count399
\c@numTrueSol=\count400
\dorongfix=\skip176
\dorong=\skip177
\c@Solbook=\count401
\c@Solution=\count402

WARNING: environment Solution already in use
\c@ex=\count403
\c@vdex=\count404
\widthcha=\skip178
\widthchb=\skip179
\widthchc=\skip180
\widthchd=\skip181
\widthche=\skip182
\widthch=\skip183
\tabmaxwidth=\skip184
\fourthtabwidth=\skip185
\halftabwidth=\skip186
\fifthtabwidth=\skip187
\thirdtabwidth=\skip188
\wmothai=\skip189
\wmothaiba=\skip190
\wmothaibabon=\skip191
\wbonnam=\skip192
\wbabonnam=\skip193
\whaibabonnam=\skip194
\c@numChoice=\count405
\heightline=\dimen326
\widthimmini=\dimen327
\heightimmini=\dimen328
\heighttextimmini=\dimen329
\himmini=\dimen330
\spaceleft=\dimen331
\imbox=\box140
\imboxtext=\box141

(/Users/admin/Library/Application Support/MiKTeX/texmfs/install/tex/generic/pgf
/frontendlayer/tikz/libraries/tikzlibrarydecorations.markings.code.tex
(/Users/admin/Library/Application Support/MiKTeX/texmfs/install/tex/generic/pgf
/libraries/decorations/pgflibrarydecorations.markings.code.tex))
\myboxans=\box142
\c@exrd=\count406

(/Users/admin/Library/Application Support/MiKTeX/texmfs/install/tex/generic/pgf
/frontendlayer/tikz/libraries/tikzlibraryplotmarks.code.tex
File: tikzlibraryplotmarks.code.tex 2021/05/15 v3.1.9a (3.1.9a)

(/Users/admin/Library/Application Support/MiKTeX/texmfs/install/tex/generic/pgf
/libraries/pgflibraryplotmarks.code.tex
File: pgflibraryplotmarks.code.tex 2021/05/15 v3.1.9a (3.1.9a)
))
\l__listsEX_depth_int=\count407
\g__listsEX_int=\count408
\g__listsEX_total_items_int=\count409
\l__listsEX_columns_int=\count410
\l__listsEX_rows_int=\count411
\g__listsEX_current_col_num_int=\count412
\g__listsEX_current_row_num_int=\count413
\l__listsEX_item_columns_int=\count414
\l__listsEX_item_indent_dim=\dimen332
\l__listsEX_item_default_indent_dim=\dimen333
\l__listsEX_item_width_dim=\dimen334
\l__listsEX_label_width_dim=\dimen335
\l__listsEX_label_default_width_dim=\dimen336
\l__listsEX_label_offset_dim=\dimen337
\l__listsEX_label_default_offset_dim=\dimen338
\l__listsEX_column_sep_dim=\dimen339
\l__listsEX_after_item_skip=\skip195
\l__listsEX_custom_after_item_skip=\skip196
\l__listsEX_before_list_skip=\skip197
\l__listsEX_after_list_skip=\skip198
\l__listsEX_item_coffin=\box143
\l__listsEX_label_coffin=\box144
\c@listEX=\count415
\l__listsEX_tmpa_int=\count416
\l__listsEX_tmpb_int=\count417
\l__listsEX_tmpa_coffin=\box145

Package xtemplate Info: Declaring object type 'listsEX' taking 3 argument(s)
(xtemplate)             on line 1954.

\l__listsEX_choice_width_dim=\dimen340
\l__listsEX_choice_linewidth_dim=\dimen341
\l__listsEX_choice_checkwidth_dim=\dimen342
\l__listsEX_choice_raise_dim=\dimen343
)
\c@bt=\count418
\c@vd=\count419

(/Library/Application Support/MiKTeX/texmfs/install/tex/latex/esvect/esvect.sty
Package: esvect 
\symesvector=\mathgroup7
)
LaTeX Font Info:    Redeclaring symbol font `largesymbols' on input line 25.
LaTeX Font Info:    Overwriting symbol font `largesymbols' in version `normal'
(Font)                  OMX/cmex/m/n --> OMX/yhex/m/n on input line 25.
LaTeX Font Info:    Overwriting symbol font `largesymbols' in version `bold'
(Font)                  OMX/cmex/m/n --> OMX/yhex/m/n on input line 25.
\c@demsode=\count420

(/Library/Application Support/MiKTeX/texmfs/install/tex/latex/titlesec/titlesec
.sty
Package: titlesec 2021/07/05 v2.14 Sectioning titles
\ttl@box=\box146
\beforetitleunit=\skip199
\aftertitleunit=\skip256
\ttl@plus=\dimen344
\ttl@minus=\dimen345
\ttl@toksa=\toks70
\titlewidth=\dimen346
\titlewidthlast=\dimen347
\titlewidthfirst=\dimen348
)
(/Library/Application Support/MiKTeX/texmfs/install/tex/latex/tcolorbox/tcolorb
ox.sty
Package: tcolorbox 2022/06/24 version 5.1.1 text color boxes
\tcb@titlebox=\box147
\tcb@upperbox=\box148
\tcb@lowerbox=\box149
\tcb@phantombox=\box150
\c@tcbbreakpart=\count421
\c@tcblayer=\count422
\c@tcolorbox@number=\count423
\tcb@temp=\box151
\tcb@temp=\box152
\tcb@temp=\box153
\tcb@temp=\box154

(/Library/Application Support/MiKTeX/texmfs/install/tex/latex/tcolorbox/tcbrast
er.code.tex
Library (tcolorbox): 'tcbraster.code.tex' version '5.1.1'
\c@tcbrastercolumn=\count424
\c@tcbrasterrow=\count425
\c@tcbrasternum=\count426
\c@tcbraster=\count427
)
(/Library/Application Support/MiKTeX/texmfs/install/tex/latex/tcolorbox/tcbskin
s.code.tex
Library (tcolorbox): 'tcbskins.code.tex' version '5.1.1'
\tcb@waterbox=\box155

(/Library/Application Support/MiKTeX/texmfs/install/tex/latex/tcolorbox/tcbskin
sjigsaw.code.tex
Library (tcolorbox): 'tcbskinsjigsaw.code.tex' version '5.1.1'
))
(/Library/Application Support/MiKTeX/texmfs/install/tex/latex/tcolorbox/tcbbrea
kable.code.tex
Library (tcolorbox): 'tcbbreakable.code.tex' version '5.1.1'

(/Users/admin/Library/Application Support/MiKTeX/texmfs/install/tex/latex/pdfco
l/pdfcol.sty
Package: pdfcol 2022-09-21 v1.7 Handle new color stacks for pdfTeX (HO)
)
Package pdfcol Info: New color stack `tcb@breakable' = 1 on input line 23.
\tcb@testbox=\box156
\tcb@totalupperbox=\box157
\tcb@totallowerbox=\box158
)
(/Library/Application Support/MiKTeX/texmfs/install/tex/latex/tcolorbox/tcbhook
s.code.tex
Library (tcolorbox): 'tcbhooks.code.tex' version '5.1.1'
)
(/Library/Application Support/MiKTeX/texmfs/install/tex/latex/tcolorbox/tcbtheo
rems.code.tex
Library (tcolorbox): 'tcbtheorems.code.tex' version '5.1.1'
)
(/Library/Application Support/MiKTeX/texmfs/install/tex/latex/tcolorbox/tcbfitt
ing.code.tex
Library (tcolorbox): 'tcbfitting.code.tex' version '5.1.1'
\tcbfitdim=\dimen349
\tcb@lowerfitdim=\dimen350
\tcb@upperfitdim=\dimen351
\tcb@cur@hbadness=\count428
))
(/Users/admin/Library/Application Support/MiKTeX/texmfs/install/tex/latex/lipsu
m/lipsum.sty
(/Users/admin/Library/Application Support/MiKTeX/texmfs/install/tex/latex/l3pac
kages/l3keys2e/l3keys2e.sty
Package: l3keys2e 2022-12-17 LaTeX2e option processing using LaTeX3 keys
)
Package: lipsum 2021-09-20 v2.7 150 paragraphs of Lorem Ipsum dummy text
\g__lipsum_par_int=\count429
\l__lipsum_a_int=\count430
\l__lipsum_b_int=\count431

(/Users/admin/Library/Application Support/MiKTeX/texmfs/install/tex/latex/lipsu
m/lipsum.ltd.tex)) (Main_TL4.aux)
\openout1 = `Main_TL4.aux'.

LaTeX Font Info:    Checking defaults for OML/cmm/m/it on input line 256.
LaTeX Font Info:    ... okay on input line 256.
LaTeX Font Info:    Checking defaults for OMS/cmsy/m/n on input line 256.
LaTeX Font Info:    ... okay on input line 256.
LaTeX Font Info:    Checking defaults for OT1/cmr/m/n on input line 256.
LaTeX Font Info:    ... okay on input line 256.
LaTeX Font Info:    Checking defaults for T1/cmr/m/n on input line 256.
LaTeX Font Info:    ... okay on input line 256.
LaTeX Font Info:    Checking defaults for TS1/cmr/m/n on input line 256.
LaTeX Font Info:    ... okay on input line 256.
LaTeX Font Info:    Checking defaults for OMX/cmex/m/n on input line 256.
LaTeX Font Info:    ... okay on input line 256.
LaTeX Font Info:    Checking defaults for U/cmr/m/n on input line 256.
LaTeX Font Info:    ... okay on input line 256.
LaTeX Font Info:    Checking defaults for PD1/pdf/m/n on input line 256.
LaTeX Font Info:    ... okay on input line 256.
LaTeX Font Info:    Checking defaults for PU/pdf/m/n on input line 256.
LaTeX Font Info:    ... okay on input line 256.
LaTeX Font Info:    Checking defaults for T5/cmr/m/n on input line 256.
LaTeX Font Info:    ... okay on input line 256.

(/Users/admin/Library/Application Support/MiKTeX/texmfs/install/tex/context/bas
e/mkii/supp-pdf.mkii
[Loading MPS to PDF converter (version 2006.09.02).]
\scratchcounter=\count432
\scratchdimen=\dimen352
\scratchbox=\box159
\nofMPsegments=\count433
\nofMParguments=\count434
\everyMPshowfont=\toks71
\MPscratchCnt=\count435
\MPscratchDim=\dimen353
\MPnumerator=\count436
\makeMPintoPDFobject=\count437
\everyMPtoPDFconversion=\toks72
)
(/Users/admin/Library/Application Support/MiKTeX/texmfs/install/tex/latex/epsto
pdf-pkg/epstopdf-base.sty
Package: epstopdf-base 2020-01-24 v2.11 Base part for package epstopdf
Package epstopdf-base Info: Redefining graphics rule for `.eps' on input line 4
85.

(/Users/admin/Library/Application Support/MiKTeX/texmfs/install/tex/latex/00mik
tex/epstopdf-sys.cfg
File: epstopdf-sys.cfg 2021/03/18 v2.0 Configuration of epstopdf for MiKTeX
))
*geometry* driver: auto-detecting
*geometry* detected driver: pdftex
*geometry* verbose mode - [ preamble ] result:
* driver: pdftex
* paper: a4paper
* layout: <same size as paper>
* layoutoffset:(h,v)=(0.0pt,0.0pt)
* modes: twoside 
* h-part:(L,W,R)=(56.9055pt, 483.69687pt, 56.9055pt)
* v-part:(T,H,B)=(56.9055pt, 731.23584pt, 56.9055pt)
* \paperwidth=597.50787pt
* \paperheight=845.04684pt
* \textwidth=483.69687pt
* \textheight=731.23584pt
* \oddsidemargin=-15.36449pt
* \evensidemargin=-15.36449pt
* \topmargin=-47.23828pt
* \headheight=12.0pt
* \headsep=19.8738pt
* \topskip=12.0pt
* \footskip=30.0pt
* \marginparwidth=88.0pt
* \marginparsep=7.0pt
* \columnsep=10.0pt
* \skip\footins=11.69997pt plus 5.19942pt minus 2.60054pt
* \hoffset=0.0pt
* \voffset=0.0pt
* \mag=1000
* \@twocolumnfalse
* \@twosidetrue
* \@mparswitchtrue
* \@reversemarginfalse
* (1in=72.27pt=25.4mm, 1cm=28.453pt)

Package hyperref Info: Link coloring OFF on input line 256.
(Main_TL4.out) (Main_TL4.out)
\@outlinefile=\write7
\openout7 = `Main_TL4.out'.

LaTeX Font Info:    Trying to load font information for T5+anttlc on input line
 274.

(/Users/admin/Library/Application Support/MiKTeX/texmfs/install/tex/latex/antt/
t5anttlc.fd
File: t5anttlc.fd 2005/10/05 v1.2 font definition file for T5/anttlc (MW)


LaTeX Info: Font shape T5/anttlc/mx/n has incorrect series value `mx'.
            It should not contain an `m'! Please correct it.
            Found on input line 24.


LaTeX Info: Font shape T5/anttlc/mx/sc has incorrect series value `mx'.
            It should not contain an `m'! Please correct it.
            Found on input line 25.


LaTeX Info: Font shape T5/anttlc/mx/it has incorrect series value `mx'.
            It should not contain an `m'! Please correct it.
            Found on input line 26.


LaTeX Info: Font shape T5/anttlc/mx/scit has incorrect series value `mx'.
            It should not contain an `m'! Please correct it.
            Found on input line 27.

)
LaTeX Font Info:    Calculating math sizes for size <13> on input line 277.


LaTeX Font Warning: Font shape `OT1/cmr/m/n' in size <6.5> not available
(Font)              size <6> substituted on input line 277.


LaTeX Font Warning: Font shape `OML/cmm/m/it' in size <13> not available
(Font)              size <12> substituted on input line 277.


LaTeX Font Warning: Font shape `OML/cmm/m/it' in size <6.5> not available
(Font)              size <6> substituted on input line 277.


LaTeX Font Warning: Font shape `OMS/cmsy/m/n' in size <13> not available
(Font)              size <12> substituted on input line 277.


LaTeX Font Warning: Font shape `OMS/cmsy/m/n' in size <6.5> not available
(Font)              size <6> substituted on input line 277.

LaTeX Font Info:    Trying to load font information for OMX+yhex on input line 
277.

(/Users/admin/Library/Application Support/MiKTeX/texmfs/install/tex/latex/yhmat
h/OMXyhex.fd
File: OMXyhex.fd 
File: OMXyhex.fd 2013/07/03 v1.1 YH's humble contribution to TeX maths (NP)
)
LaTeX Font Info:    Trying to load font information for U+msa on input line 277
.

(/Users/admin/Library/Application Support/MiKTeX/texmfs/install/tex/latex/amsfo
nts/umsa.fd
File: umsa.fd 2013/01/14 v3.01 AMS symbols A
)
LaTeX Font Info:    Trying to load font information for U+msb on input line 277
.

(/Users/admin/Library/Application Support/MiKTeX/texmfs/install/tex/latex/amsfo
nts/umsb.fd
File: umsb.fd 2013/01/14 v3.01 AMS symbols B
)
LaTeX Font Info:    Trying to load font information for U+rsfs on input line 27
7.

(/Users/admin/Library/Application Support/MiKTeX/texmfs/install/tex/latex/jknap
pen/ursfs.fd
File: ursfs.fd 1998/03/24 rsfs font definition file (jk)
)

LaTeX Font Warning: Font shape `U/rsfs/m/n' in size <13> not available
(Font)              size <12> substituted on input line 277.


LaTeX Font Warning: Font shape `U/rsfs/m/n' in size <6.5> not available
(Font)              size <6> substituted on input line 277.

LaTeX Font Info:    Trying to load font information for U+esvect on input line 
277.

(/Library/Application Support/MiKTeX/texmfs/install/tex/latex/esvect/uesvect.fd
File: uesvect.fd 
)

LaTeX Font Warning: Font shape `U/esvect/m/n' in size <13> not available
(Font)              size <12> substituted on input line 277.


LaTeX Font Warning: Font shape `U/esvect/m/n' in size <6.5> not available
(Font)              size <6> substituted on input line 277.

LaTeX Font Info:    Trying to load font information for T5+qag on input line 28
0.

(/Users/admin/Library/Application Support/MiKTeX/texmfs/install/tex/latex/tex-g
yre/t5qag.fd
File: t5qag.fd 2009/09/25 v1.2 font definition file for T5/qag
) [1

{/Users/admin/Library/Application Support/MiKTeX/texmfs/data/fonts/map/pdftex/p
dftex.map}] (data/DAI-SO-CHUONG-III-CHUYEN-DE-1.tex
LaTeX Font Info:    Font shape `T5/qag/bx/n' in size <16> not available
(Font)              Font shape `T5/qag/b/n' tried instead on input line 3.


Package hyperref Warning: Token not allowed in a PDF string (Unicode):
(hyperref)                removing `\leavevmode@ifvmode' on input line 3.


Package hyperref Warning: Token not allowed in a PDF string (Unicode):
(hyperref)                \kern 2.12146pt
(hyperref)                removed on input line 3.


Overfull \hbox (7.68843pt too wide) in paragraph at lines 3--5
 []
 []


Underfull \hbox (badness 10000) in paragraph at lines 3--5

 []


Package hyperref Warning: Token not allowed in a PDF string (Unicode):
(hyperref)                removing `\leavevmode@ifvmode' on input line 8.


Package hyperref Warning: Token not allowed in a PDF string (Unicode):
(hyperref)                \kern 2.12146pt
(hyperref)                removed on input line 8.


Overfull \hbox (15.55315pt too wide) in paragraph at lines 8--10
 []
 []


Underfull \hbox (badness 10000) in paragraph at lines 8--10

 []


Package hyperref Warning: Token not allowed in a PDF string (Unicode):
(hyperref)                removing `\leavevmode@ifvmode' on input line 13.


Package hyperref Warning: Token not allowed in a PDF string (Unicode):
(hyperref)                \kern 2.12146pt
(hyperref)                removed on input line 13.


Overfull \hbox (15.55315pt too wide) in paragraph at lines 13--15
 []
 []


Underfull \hbox (badness 10000) in paragraph at lines 13--15

 []

LaTeX Font Info:    Font shape `T5/qag/bx/sc' in size <16> not available
(Font)              Font shape `T5/qag/b/sc' tried instead on input line 16.
Package hyperref Info: bookmark level for unknown bt defaults to 0 on input lin
e 24.
)
\tf@thm=\write8
\openout8 = `Main_TL4.thm'.

LaTeX Font Info:    Trying to load font information for U+fontawesomeone on inp
ut line 331.

(/Library/Application Support/MiKTeX/texmfs/install/tex/latex/fontawesome/ufont
awesomeone.fd
File: ufontawesomeone.fd 2016/05/22 Font definitions for U/fontawesomeone.
)
Underfull \hbox (badness 10000) has occurred while \output is active
 []
 []

LaTeX Font Info:    Trying to load font information for U+fontawesometwo on inp
ut line 331.

(/Library/Application Support/MiKTeX/texmfs/install/tex/latex/fontawesome/ufont
awesometwo.fd
File: ufontawesometwo.fd 2016/05/22 Font definitions for U/fontawesometwo.
)
Underfull \hbox (badness 10000) has occurred while \output is active
[]
 []

[2] (Main_TL4.aux)

LaTeX Font Warning: Size substitutions with differences
(Font)              up to 1.0pt have occurred.


Package rerunfilecheck Warning: File `Main_TL4.out' has changed.
(rerunfilecheck)                Rerun to get outlines right
(rerunfilecheck)                or use package `bookmark'.

Package rerunfilecheck Info: Checksums for `Main_TL4.out':
(rerunfilecheck)             Before: 6CF6BC334DD29FA4E14A0D13E8E0AE8C;1814
(rerunfilecheck)             After:  A1827B126CBBBD79A5FE37C57F913D83;1152.
 ) 
Here is how much of TeX's memory you used:
 36609 strings out of 478342
 757004 string characters out of 5839198
 1867793 words of memory out of 5000000
 56008 multiletter control sequences out of 15000+600000
 615078 words of font info for 86 fonts, out of 8000000 for 9000
 0 hyphenation exceptions out of 8191
 108i,12n,106p,541b,1251s stack positions out of 10000i,1000n,20000p,200000b,200000s

pdfTeX warning (dest): name{Solution.4} has been referenced but does not exist,
 replaced by a fixed one

{/Users/admin/Library/Application Support/MiKTeX/texmfs/install/fonts/enc/dvips
/tex-gyre/q-t5.enc}{/Library/Application Support/MiKTeX/texmfs/install/fonts/en
c/dvips/fontawesome/fontawesometwo.enc}{/Users/admin/Library/Application Suppor
t/MiKTeX/texmfs/install/fonts/enc/dvips/tex-gyre/q-t5-sc.enc}{/Users/admin/Libr
ary/Application Support/MiKTeX/texmfs/install/fonts/enc/dvips/antt/antt-t5.enc}
{/Library/Application Support/MiKTeX/texmfs/install/fonts/enc/dvips/fontawesome
/fontawesomeone.enc}</Library/Application Support/MiKTeX/texmfs/install/fonts/t
ype1/public/fontawesome/FontAwesome.pfb></Users/admin/Library/Application Suppo
rt/MiKTeX/texmfs/install/fonts/type1/public/antt/anttcl.pfb></Users/admin/Libra
ry/Application Support/MiKTeX/texmfs/install/fonts/type1/public/antt/anttcm.pfb
></Users/admin/Library/Application Support/MiKTeX/texmfs/install/fonts/type1/pu
blic/antt/anttm.pfb></Users/admin/Library/Application Support/MiKTeX/texmfs/ins
tall/fonts/type1/public/amsfonts/cm/cmmi12.pfb></Users/admin/Library/Applicatio
n Support/MiKTeX/texmfs/install/fonts/type1/public/amsfonts/cm/cmr12.pfb></User
s/admin/Library/Application Support/MiKTeX/texmfs/install/fonts/type1/public/am
sfonts/cm/cmsy10.pfb></Users/admin/Library/Application Support/MiKTeX/texmfs/in
stall/fonts/type1/public/tex-gyre/qagb.pfb></Users/admin/Library/Application Su
pport/MiKTeX/texmfs/install/fonts/type1/public/tex-gyre/qagr.pfb></Users/admin/
Library/Application Support/MiKTeX/texmfs/install/fonts/type1/vntex/vnr/vnbx12.
pfb></Users/admin/Library/Application Support/MiKTeX/texmfs/install/fonts/type1
/vntex/vnr/vnr12.pfb></Users/admin/Library/Application Support/MiKTeX/texmfs/in
stall/fonts/type1/vntex/vnr/vnti12.pfb>
Output written on Main_TL4.pdf (2 pages, 314692 bytes).
PDF statistics:
 143 PDF objects out of 1000 (max. 8388607)
 7 named destinations out of 1000 (max. 500000)
 165 words of extra memory for PDF output out of 10000 (max. 10000000)

